Archive member included because of file (symbol)

C:\Program Files (x86)\VEX Robotics\VEXcode V5 Text\sdk/vexv5\libv5rt.a(v5_startup.c.obj)
                              (vexStartup)
C:\Program Files (x86)\VEX Robotics\VEXcode V5 Text\sdk/vexv5\libv5rt.a(v5_util.c.obj)
                              C:\Program Files (x86)\VEX Robotics\VEXcode V5 Text\sdk/vexv5\libv5rt.a(v5_startup.c.obj) (vexStdlibVersionLinked)
C:\Program Files (x86)\VEX Robotics\VEXcode V5 Text\sdk/vexv5\libv5rt.a(v5_apijump.c.obj)
                              C:\Program Files (x86)\VEX Robotics\VEXcode V5 Text\sdk/vexv5\libv5rt.a(v5_startup.c.obj) (vexPrivateApiEnable)
C:\Program Files (x86)\VEX Robotics\VEXcode V5 Text\sdk/vexv5\libv5rt.a(v5_apiversions.c.obj)
                              C:\Program Files (x86)\VEX Robotics\VEXcode V5 Text\sdk/vexv5\libv5rt.a(v5_apijump.c.obj) (vexSystemVersion)
C:\Program Files (x86)\VEX Robotics\VEXcode V5 Text\sdk/vexv5\libv5rt.a(vex_global.cpp.obj)
                              build/src/main.o (vex::wait(double, vex::timeUnits))
C:\Program Files (x86)\VEX Robotics\VEXcode V5 Text\sdk/vexv5\libv5rt.a(vex_motor.cpp.obj)
                              build/src/robot-config.o (vex::motor::~motor())
C:\Program Files (x86)\VEX Robotics\VEXcode V5 Text\sdk/vexv5\libv5rt.a(vex_controller.cpp.obj)
                              build/src/robot-config.o (vex::controller::~controller())
C:\Program Files (x86)\VEX Robotics\VEXcode V5 Text\sdk/vexv5\libv5rt.a(vex_thread.cpp.obj)
                              C:\Program Files (x86)\VEX Robotics\VEXcode V5 Text\sdk/vexv5\libv5rt.a(vex_global.cpp.obj) (vex::this_thread::sleep_for(unsigned long))
C:\Program Files (x86)\VEX Robotics\VEXcode V5 Text\sdk/vexv5\libv5rt.a(vex_event.cpp.obj)
                              C:\Program Files (x86)\VEX Robotics\VEXcode V5 Text\sdk/vexv5\libv5rt.a(vex_controller.cpp.obj) (vex::event::init(unsigned long, unsigned long, void (*)()))
C:\Program Files (x86)\VEX Robotics\VEXcode V5 Text\sdk/vexv5\libv5rt.a(vex_mevent.cpp.obj)
                              C:\Program Files (x86)\VEX Robotics\VEXcode V5 Text\sdk/vexv5\libv5rt.a(vex_controller.cpp.obj) (vex::mevent::mevent(unsigned long, unsigned long))
C:\Program Files (x86)\VEX Robotics\VEXcode V5 Text\sdk/vexv5\libv5rt.a(vex_brain.cpp.obj)
                              build/src/robot-config.o (vex::brain::~brain())
C:\Program Files (x86)\VEX Robotics\VEXcode V5 Text\sdk/vexv5\libv5rt.a(vex_competition.cpp.obj)
                              build/src/main.o (vex::competition::competition())
C:\Program Files (x86)\VEX Robotics\VEXcode V5 Text\sdk/vexv5\libv5rt.a(vex_triport.cpp.obj)
                              C:\Program Files (x86)\VEX Robotics\VEXcode V5 Text\sdk/vexv5\libv5rt.a(vex_brain.cpp.obj) (vex::triport::~triport())
C:\Program Files (x86)\VEX Robotics\VEXcode V5 Text\sdk/vexv5\libv5rt.a(vex_color.cpp.obj)
                              C:\Program Files (x86)\VEX Robotics\VEXcode V5 Text\sdk/vexv5\libv5rt.a(vex_brain.cpp.obj) (vex::color::operator unsigned long() const)
C:\Program Files (x86)\VEX Robotics\VEXcode V5 Text\sdk/vexv5\libv5rt.a(vex_timer.cpp.obj)
                              C:\Program Files (x86)\VEX Robotics\VEXcode V5 Text\sdk/vexv5\libv5rt.a(vex_brain.cpp.obj) (vex::timer::~timer())
C:\Program Files (x86)\VEX Robotics\VEXcode V5 Text\sdk/vexv5\libv5rt.a(v5_apiuser.c.obj)
                              C:\Program Files (x86)\VEX Robotics\VEXcode V5 Text\sdk/vexv5\libv5rt.a(vex_triport.cpp.obj) (vexAdiPortConfigSet)
C:\Program Files (x86)\VEX Robotics\VEXcode V5 Text\sdk/vexv5\libv5rt.a(vex_device.cpp.obj)
                              C:\Program Files (x86)\VEX Robotics\VEXcode V5 Text\sdk/vexv5\libv5rt.a(vex_triport.cpp.obj) (vex::device::value())
C:\Program Files (x86)\VEX Robotics\VEXcode V5 Text\sdk/vexv5\libv5rt.a(vex_task.cpp.obj)
                              C:\Program Files (x86)\VEX Robotics\VEXcode V5 Text\sdk/vexv5\libv5rt.a(vex_competition.cpp.obj) (vex::task::task(int (*)()))
C:\Program Files (x86)\VEX Robotics\VEXcode V5 Text\sdk/vexv5/gcc/libs\libc.a(lib_a-fini.o)
                              C:\Program Files (x86)\VEX Robotics\VEXcode V5 Text\sdk/vexv5\libv5rt.a(v5_startup.c.obj) (__libc_fini_array)
C:\Program Files (x86)\VEX Robotics\VEXcode V5 Text\sdk/vexv5/gcc/libs\libc.a(lib_a-impure.o)
                              C:\Program Files (x86)\VEX Robotics\VEXcode V5 Text\sdk/vexv5\libv5rt.a(v5_startup.c.obj) (_impure_ptr)
C:\Program Files (x86)\VEX Robotics\VEXcode V5 Text\sdk/vexv5/gcc/libs\libc.a(lib_a-init.o)
                              C:\Program Files (x86)\VEX Robotics\VEXcode V5 Text\sdk/vexv5\libv5rt.a(v5_startup.c.obj) (__libc_init_array)
C:\Program Files (x86)\VEX Robotics\VEXcode V5 Text\sdk/vexv5/gcc/libs\libc.a(lib_a-tolower.o)
                              C:\Program Files (x86)\VEX Robotics\VEXcode V5 Text\sdk/vexv5\libv5rt.a(vex_brain.cpp.obj) (tolower)
[...]
Memory Configuration

Name             Origin             Length             Attributes
ps7_ddr_0_S_AXI_BASEADDR 0x03800000         0x04800000
*default*        0x00000000         0xffffffff

Linker script and memory map

                0x00002000                _STACK_SIZE = DEFINED (_STACK_SIZE)?_STACK_SIZE:0x2000
                0x00100000                _HEAP_SIZE = DEFINED (_HEAP_SIZE)?_HEAP_SIZE:0x100000
                0x00000400                _ABORT_STACK_SIZE = DEFINED (_ABORT_STACK_SIZE)?_ABORT_STACK_SIZE:0x400
                0x00000800                _SUPERVISOR_STACK_SIZE = DEFINED (_SUPERVISOR_STACK_SIZE)?_SUPERVISOR_STACK_SIZE:0x800
                0x00000400                _IRQ_STACK_SIZE = DEFINED (_IRQ_STACK_SIZE)?_IRQ_STACK_SIZE:0x400
                0x00000400                _FIQ_STACK_SIZE = DEFINED (_FIQ_STACK_SIZE)?_FIQ_STACK_SIZE:0x400
                0x00000400                _UNDEF_STACK_SIZE = DEFINED (_UNDEF_STACK_SIZE)?_UNDEF_STACK_SIZE:0x400

.text           0x03800000     0x3b98
 *(.vectors)
 *(.boot_data)
 .boot_data     0x03800000       0x20 C:\Program Files (x86)\VEX Robotics\VEXcode V5 Text\sdk/vexv5\libv5rt.a(v5_startup.c.obj)
                0x03800000                vexCodeSig
                0x00000020                . = 0x20
 *(.boot)
 .boot          0x03800020       0xbc C:\Program Files (x86)\VEX Robotics\VEXcode V5 Text\sdk/vexv5\libv5rt.a(v5_startup.c.obj)
                0x03800020                vexStartup
                0x03800100                . = ALIGN (0x40)
 *fill*         0x038000dc       0x24 
 *(.freertos_vectors)
 *(.text)
 *(.text.*)
 .text._Z3Pgodd
                0x03800100       0xf4 build/src/main.o
                0x03800100                Pgo(double, double)
 .text._Z7Startupv
                0x038001f4       0xf0 build/src/main.o
                0x038001f4                Startup()
 *fill*         0x038002e4        0x4 
 .text._Z8motorsetv
                0x038002e8       0xc0 build/src/main.o
                0x038002e8                motorset()
 .text._Z2goi   0x038003a8       0xa8 build/src/main.o
                0x038003a8                go(int)
 .text._Z4haltv
                0x03800450       0x3c build/src/main.o
                0x03800450                halt()
 .text._Z10DriveTrainb
                0x0380048c      0x1d4 build/src/main.o
                0x0380048c                DriveTrain(bool)
 .text._Z9NorthTurni
                0x03800660      0x148 build/src/main.o
                0x03800660                NorthTurn(int)
 .text._Z6Ncheckv
                0x038007a8       0xb8 build/src/main.o
                0x038007a8                Ncheck()
 .text._Z8Lcontrolv
                0x03800860       0xe0 build/src/main.o
                0x03800860                Lcontrol()
 .text._Z5Gcodev
                0x03800940       0xbc build/src/main.o
                0x03800940                Gcode()
 .text._Z11ClawControlv
                0x038009fc      0x118 build/src/main.o
                0x038009fc                ClawControl()
 *fill*         0x03800b14        0x4 
 .text._Z10autonomousv
                0x03800b18      0x380 build/src/main.o
                0x03800b18                autonomous()
 .text._Z11usercontrolv
                0x03800e98      0x120 build/src/main.o
                0x03800e98                usercontrol()
 .text.main     0x03800fb8       0x68 build/src/main.o
                0x03800fb8                main
 .text._GLOBAL__sub_I_main.cpp
                0x03801020       0x5c build/src/main.o
 .text._Z11vexcodeInitv
                0x0380107c        0x4 build/src/robot-config.o
                0x0380107c                vexcodeInit()
 .text._GLOBAL__sub_I_robot_config.cpp
                0x03801080      0x2e0 build/src/robot-config.o
 .text.vexMain  0x03801360       0xb0 C:\Program Files (x86)\VEX Robotics\VEXcode V5 Text\sdk/vexv5\libv5rt.a(v5_startup.c.obj)
                0x03801360                vexMain
 .text.__vex_function_prolog
                0x03801410       0x18 C:\Program Files (x86)\VEX Robotics\VEXcode V5 Text\sdk/vexv5\libv5rt.a(v5_startup.c.obj)
                0x03801410                __vex_function_prolog
 .text._init    0x03801428        0x4 C:\Program Files (x86)\VEX Robotics\VEXcode V5 Text\sdk/vexv5\libv5rt.a(v5_startup.c.obj)
                0x03801428                _init
 .text._fini    0x0380142c        0x4 C:\Program Files (x86)\VEX Robotics\VEXcode V5 Text\sdk/vexv5\libv5rt.a(v5_startup.c.obj)
                0x0380142c                _fini
 .text.vexStdlibVersionLinked
                0x03801430        0xc C:\Program Files (x86)\VEX Robotics\VEXcode V5 Text\sdk/vexv5\libv5rt.a(v5_util.c.obj)
                0x03801430                vexStdlibVersionLinked
 .text.vexStdlibVersionVerify
                0x0380143c       0x30 C:\Program Files (x86)\VEX Robotics\VEXcode V5 Text\sdk/vexv5\libv5rt.a(v5_util.c.obj)
                0x0380143c                vexStdlibVersionVerify
 .text.vexPrivateApiEnable
                0x0380146c       0x10 C:\Program Files (x86)\VEX Robotics\VEXcode V5 Text\sdk/vexv5\libv5rt.a(v5_apijump.c.obj)
                0x0380146c                vexPrivateApiEnable
 .text.vexStdlibMismatchError
                0x0380147c       0x3c C:\Program Files (x86)\VEX Robotics\VEXcode V5 Text\sdk/vexv5\libv5rt.a(v5_apijump.c.obj)
                0x0380147c                vexStdlibMismatchError
 .text.vexTaskAdd
                0x038014b8       0x10 C:\Program Files (x86)\VEX Robotics\VEXcode V5 Text\sdk/vexv5\libv5rt.a(v5_apijump.c.obj)
                0x038014b8                vexTaskAdd
 .text.vexTaskStop
                0x038014c8       0x10 C:\Program Files (x86)\VEX Robotics\VEXcode V5 Text\sdk/vexv5\libv5rt.a(v5_apijump.c.obj)
                0x038014c8                vexTaskStop
 .text.vexTasksRun
                0x038014d8       0x10 C:\Program Files (x86)\VEX Robotics\VEXcode V5 Text\sdk/vexv5\libv5rt.a(v5_apijump.c.obj)
                0x038014d8                vexTasksRun
 .text.vexTaskYield
                0x038014e8       0x10 C:\Program Files (x86)\VEX Robotics\VEXcode V5 Text\sdk/vexv5\libv5rt.a(v5_apijump.c.obj)
                0x038014e8                vexTaskYield
 .text.vexTaskCheckTimeslice
                0x038014f8       0x10 C:\Program Files (x86)\VEX Robotics\VEXcode V5 Text\sdk/vexv5\libv5rt.a(v5_apijump.c.obj)
                0x038014f8                vexTaskCheckTimeslice
 .text.vexTaskSleep
                0x03801508       0x10 C:\Program Files (x86)\VEX Robotics\VEXcode V5 Text\sdk/vexv5\libv5rt.a(v5_apijump.c.obj)
                0x03801508                vexTaskSleep
 .text.vexTasksDump
                0x03801518       0x1c C:\Program Files (x86)\VEX Robotics\VEXcode V5 Text\sdk/vexv5\libv5rt.a(v5_apijump.c.obj)
                0x03801518                vexTasksDump
 .text.vexTaskGetTaskIndex
                0x03801534       0x10 C:\Program Files (x86)\VEX Robotics\VEXcode V5 Text\sdk/vexv5\libv5rt.a(v5_apijump.c.obj)
                0x03801534                vexTaskGetTaskIndex
 .text.vexTaskStopAll
                0x03801544       0x10 C:\Program Files (x86)\VEX Robotics\VEXcode V5 Text\sdk/vexv5\libv5rt.a(v5_apijump.c.obj)
                0x03801544                vexTaskStopAll
 .text.vexTaskRemoveAllUser
                0x03801554       0x34 C:\Program Files (x86)\VEX Robotics\VEXcode V5 Text\sdk/vexv5\libv5rt.a(v5_apijump.c.obj)
                0x03801554                vexTaskRemoveAllUser
 .text.vexTaskCompletionIdSet
                0x03801588       0x10 C:\Program Files (x86)\VEX Robotics\VEXcode V5 Text\sdk/vexv5\libv5rt.a(v5_apijump.c.obj)
                0x03801588                vexTaskCompletionIdSet
 .text.vexEventAdd
                0x03801598       0x34 C:\Program Files (x86)\VEX Robotics\VEXcode V5 Text\sdk/vexv5\libv5rt.a(v5_apijump.c.obj)
                0x03801598                vexEventAdd
 .text.vexEventUserIndexGet
                0x038015cc       0x1c C:\Program Files (x86)\VEX Robotics\VEXcode V5 Text\sdk/vexv5\libv5rt.a(v5_apijump.c.obj)
                0x038015cc                vexEventUserIndexGet
 .text.vexEventAddWithArg
                0x038015e8       0x3c C:\Program Files (x86)\VEX Robotics\VEXcode V5 Text\sdk/vexv5\libv5rt.a(v5_apijump.c.obj)
                0x038015e8                vexEventAddWithArg
 .text.vexEventsCleanup
                0x03801624       0x2c C:\Program Files (x86)\VEX Robotics\VEXcode V5 Text\sdk/vexv5\libv5rt.a(v5_apijump.c.obj)
                0x03801624                vexEventsCleanup
 .text.vexDebug
                0x03801650       0x38 C:\Program Files (x86)\VEX Robotics\VEXcode V5 Text\sdk/vexv5\libv5rt.a(v5_apijump.c.obj)
                0x03801650                vexDebug
 .text.vex_sprintf
                0x03801688       0x40 C:\Program Files (x86)\VEX Robotics\VEXcode V5 Text\sdk/vexv5\libv5rt.a(v5_apijump.c.obj)
                0x03801688                vex_sprintf
 .text.vex_vsnprintf
                0x038016c8       0x3c C:\Program Files (x86)\VEX Robotics\VEXcode V5 Text\sdk/vexv5\libv5rt.a(v5_apijump.c.obj)
                0x038016c8                vex_vsnprintf
 .text.vexSystemTimeGet
                0x03801704       0x1c C:\Program Files (x86)\VEX Robotics\VEXcode V5 Text\sdk/vexv5\libv5rt.a(v5_apijump.c.obj)
                0x03801704                vexSystemTimeGet
 .text.vexSystemExitRequest
                0x03801720       0x1c C:\Program Files (x86)\VEX Robotics\VEXcode V5 Text\sdk/vexv5\libv5rt.a(v5_apijump.c.obj)
                0x03801720                vexSystemExitRequest
 .text.vexDeviceGetByIndex
                0x0380173c       0x24 C:\Program Files (x86)\VEX Robotics\VEXcode V5 Text\sdk/vexv5\libv5rt.a(v5_apijump.c.obj)
                0x0380173c                vexDeviceGetByIndex
 .text.vexControllerGet
                0x03801760       0x2c C:\Program Files (x86)\VEX Robotics\VEXcode V5 Text\sdk/vexv5\libv5rt.a(v5_apijump.c.obj)
                0x03801760                vexControllerGet
 .text.vexControllerTextSet
                0x0380178c       0x74 C:\Program Files (x86)\VEX Robotics\VEXcode V5 Text\sdk/vexv5\libv5rt.a(v5_apijump.c.obj)
                0x0380178c                vexControllerTextSet
 .text.vexDeviceAdiPortConfigSet
                0x03801800       0x34 C:\Program Files (x86)\VEX Robotics\VEXcode V5 Text\sdk/vexv5\libv5rt.a(v5_apijump.c.obj)
                0x03801800                vexDeviceAdiPortConfigSet
 .text.vexDeviceAdiPortConfigGet
                0x03801834       0x2c C:\Program Files (x86)\VEX Robotics\VEXcode V5 Text\sdk/vexv5\libv5rt.a(v5_apijump.c.obj)
                0x03801834                vexDeviceAdiPortConfigGet
 .text.vexDeviceAdiValueSet
                0x03801860       0x34 C:\Program Files (x86)\VEX Robotics\VEXcode V5 Text\sdk/vexv5\libv5rt.a(v5_apijump.c.obj)
                0x03801860                vexDeviceAdiValueSet
 .text.vexDeviceAdiValueGet
                0x03801894       0x2c C:\Program Files (x86)\VEX Robotics\VEXcode V5 Text\sdk/vexv5\libv5rt.a(v5_apijump.c.obj)
                0x03801894                vexDeviceAdiValueGet
 .text.vexDeviceMotorVelocitySet
                0x038018c0       0x2c C:\Program Files (x86)\VEX Robotics\VEXcode V5 Text\sdk/vexv5\libv5rt.a(v5_apijump.c.obj)
                0x038018c0                vexDeviceMotorVelocitySet
 .text.vexDeviceMotorActualVelocityGet
                0x038018ec       0x24 C:\Program Files (x86)\VEX Robotics\VEXcode V5 Text\sdk/vexv5\libv5rt.a(v5_apijump.c.obj)
                0x038018ec                vexDeviceMotorActualVelocityGet
 .text.vexDeviceMotorCurrentLimitSet
                0x03801910       0x2c C:\Program Files (x86)\VEX Robotics\VEXcode V5 Text\sdk/vexv5\libv5rt.a(v5_apijump.c.obj)
                0x03801910                vexDeviceMotorCurrentLimitSet
 .text.vexDeviceMotorReverseFlagSet
                0x0380193c       0x2c C:\Program Files (x86)\VEX Robotics\VEXcode V5 Text\sdk/vexv5\libv5rt.a(v5_apijump.c.obj)
                0x0380193c                vexDeviceMotorReverseFlagSet
 .text.vexDeviceMotorBrakeModeSet
                0x03801968       0x2c C:\Program Files (x86)\VEX Robotics\VEXcode V5 Text\sdk/vexv5\libv5rt.a(v5_apijump.c.obj)
                0x03801968                vexDeviceMotorBrakeModeSet
 .text.vexDeviceMotorPositionSet
                0x03801994       0x34 C:\Program Files (x86)\VEX Robotics\VEXcode V5 Text\sdk/vexv5\libv5rt.a(v5_apijump.c.obj)
                0x03801994                vexDeviceMotorPositionSet
 .text.vexDeviceMotorGearingSet
                0x038019c8       0x2c C:\Program Files (x86)\VEX Robotics\VEXcode V5 Text\sdk/vexv5\libv5rt.a(v5_apijump.c.obj)
                0x038019c8                vexDeviceMotorGearingSet
 .text.vexDeviceMotorGearingGet
                0x038019f4       0x24 C:\Program Files (x86)\VEX Robotics\VEXcode V5 Text\sdk/vexv5\libv5rt.a(v5_apijump.c.obj)
                0x038019f4                vexDeviceMotorGearingGet
 .text.vexDisplayForegroundColor
                0x03801a18       0x24 C:\Program Files (x86)\VEX Robotics\VEXcode V5 Text\sdk/vexv5\libv5rt.a(v5_apijump.c.obj)
                0x03801a18                vexDisplayForegroundColor
 .text.vexDisplayBackgroundColor
                0x03801a3c       0x24 C:\Program Files (x86)\VEX Robotics\VEXcode V5 Text\sdk/vexv5\libv5rt.a(v5_apijump.c.obj)
                0x03801a3c                vexDisplayBackgroundColor
 .text.vexDisplayBackgroundColorGet
                0x03801a60       0x1c C:\Program Files (x86)\VEX Robotics\VEXcode V5 Text\sdk/vexv5\libv5rt.a(v5_apijump.c.obj)
                0x03801a60                vexDisplayBackgroundColorGet
 .text.vexDisplayRectClear
                0x03801a7c       0x4c C:\Program Files (x86)\VEX Robotics\VEXcode V5 Text\sdk/vexv5\libv5rt.a(v5_apijump.c.obj)
                0x03801a7c                vexDisplayRectClear
 .text.vexDisplayPrintf
                0x03801ac8       0x68 C:\Program Files (x86)\VEX Robotics\VEXcode V5 Text\sdk/vexv5\libv5rt.a(v5_apijump.c.obj)
                0x03801ac8                vexDisplayPrintf
 .text.vexDisplayTextReference
                0x03801b30       0x24 C:\Program Files (x86)\VEX Robotics\VEXcode V5 Text\sdk/vexv5\libv5rt.a(v5_apijump.c.obj)
                0x03801b30                vexDisplayTextReference
 .text.vexDisplayTextSize
                0x03801b54       0x2c C:\Program Files (x86)\VEX Robotics\VEXcode V5 Text\sdk/vexv5\libv5rt.a(v5_apijump.c.obj)
                0x03801b54                vexDisplayTextSize
 .text.vexDisplayFontNamedSet
                0x03801b80       0x24 C:\Program Files (x86)\VEX Robotics\VEXcode V5 Text\sdk/vexv5\libv5rt.a(v5_apijump.c.obj)
                0x03801b80                vexDisplayFontNamedSet
 .text.vexSystemStdlibImpureDataAddr
                0x03801ba4       0x28 C:\Program Files (x86)\VEX Robotics\VEXcode V5 Text\sdk/vexv5\libv5rt.a(v5_apijump.c.obj)
                0x03801ba4                vexSystemStdlibImpureDataAddr
 .text.vexSystemStdlibImpureDataSize
                0x03801bcc       0x28 C:\Program Files (x86)\VEX Robotics\VEXcode V5 Text\sdk/vexv5\libv5rt.a(v5_apijump.c.obj)
                0x03801bcc                vexSystemStdlibImpureDataSize
 .text.vexSystemSaveUserData
                0x03801bf4       0x3c C:\Program Files (x86)\VEX Robotics\VEXcode V5 Text\sdk/vexv5\libv5rt.a(v5_apijump.c.obj)
                0x03801bf4                vexSystemSaveUserData
 .text.vexDisplayThemeIdGet
                0x03801c30       0x38 C:\Program Files (x86)\VEX Robotics\VEXcode V5 Text\sdk/vexv5\libv5rt.a(v5_apijump.c.obj)
                0x03801c30                vexDisplayThemeIdGet
 .text.vexDeviceEventMaskSet
                0x03801c68       0x48 C:\Program Files (x86)\VEX Robotics\VEXcode V5 Text\sdk/vexv5\libv5rt.a(v5_apijump.c.obj)
                0x03801c68                vexDeviceEventMaskSet
 .text.vexDeviceEventMaskGet
                0x03801cb0       0x3c C:\Program Files (x86)\VEX Robotics\VEXcode V5 Text\sdk/vexv5\libv5rt.a(v5_apijump.c.obj)
                0x03801cb0                vexDeviceEventMaskGet
 .text.vexSystemVersion
                0x03801cec       0x10 C:\Program Files (x86)\VEX Robotics\VEXcode V5 Text\sdk/vexv5\libv5rt.a(v5_apiversions.c.obj)
                0x03801cec                vexSystemVersion
 .text.vexStdlibVersion
                0x03801cfc       0x10 C:\Program Files (x86)\VEX Robotics\VEXcode V5 Text\sdk/vexv5\libv5rt.a(v5_apiversions.c.obj)
                0x03801cfc                vexStdlibVersion
 *fill*         0x03801d0c        0x4 
 .text._ZN3vex4waitEdNS_9timeUnitsE
                0x03801d10       0x30 C:\Program Files (x86)\VEX Robotics\VEXcode V5 Text\sdk/vexv5\libv5rt.a(vex_global.cpp.obj)
                0x03801d10                vex::wait(double, vex::timeUnits)
 .text._ZN3vex5motor9installedEv
                0x03801d40       0x18 C:\Program Files (x86)\VEX Robotics\VEXcode V5 Text\sdk/vexv5\libv5rt.a(vex_motor.cpp.obj)
                0x03801d40                vex::motor::installed()
 .text._ZN3vex5motorD2Ev
                0x03801d58       0x20 C:\Program Files (x86)\VEX Robotics\VEXcode V5 Text\sdk/vexv5\libv5rt.a(vex_motor.cpp.obj)
                0x03801d58                vex::motor::~motor()
                0x03801d58                vex::motor::~motor()
 .text._ZN3vex5motor15defaultStoppingENS_9brakeTypeE
                0x03801d78       0x30 C:\Program Files (x86)\VEX Robotics\VEXcode V5 Text\sdk/vexv5\libv5rt.a(vex_motor.cpp.obj)
                0x03801d78                vex::motor::defaultStopping(vex::brakeType)
 .text._ZN3vex5motor11setStoppingENS_9brakeTypeE
                0x03801da8        0x4 C:\Program Files (x86)\VEX Robotics\VEXcode V5 Text\sdk/vexv5\libv5rt.a(vex_motor.cpp.obj)
                0x03801da8                vex::motor::setStopping(vex::brakeType)
 .text._ZN3vex5motorC2El
                0x03801dac       0x78 C:\Program Files (x86)\VEX Robotics\VEXcode V5 Text\sdk/vexv5\libv5rt.a(vex_motor.cpp.obj)
                0x03801dac                vex::motor::motor(long)
                0x03801dac                vex::motor::motor(long)
 .text._ZN3vex5motorC2ElNS_11gearSettingEb
                0x03801e24       0x34 C:\Program Files (x86)\VEX Robotics\VEXcode V5 Text\sdk/vexv5\libv5rt.a(vex_motor.cpp.obj)
                0x03801e24                vex::motor::motor(long, vex::gearSetting, bool)
                0x03801e24                vex::motor::motor(long, vex::gearSetting, bool)
 .text._ZN3vex5motor4stopENS_9brakeTypeE
                0x03801e58       0x30 C:\Program Files (x86)\VEX Robotics\VEXcode V5 Text\sdk/vexv5\libv5rt.a(vex_motor.cpp.obj)
                0x03801e58                vex::motor::stop(vex::brakeType)
 .text._ZN3vex5motor4stopEv
                0x03801e88        0x8 C:\Program Files (x86)\VEX Robotics\VEXcode V5 Text\sdk/vexv5\libv5rt.a(vex_motor.cpp.obj)
                0x03801e88                vex::motor::stop()
 .text._ZN3vex5motor12setMaxTorqueEdNS_12percentUnitsE
                0x03801e90       0x88 C:\Program Files (x86)\VEX Robotics\VEXcode V5 Text\sdk/vexv5\libv5rt.a(vex_motor.cpp.obj)
                0x03801e90                vex::motor::setMaxTorque(double, vex::percentUnits)
 .text._ZN3vex5motor16velocityToScaledEdNS_13velocityUnitsE
                0x03801f18       0x5c C:\Program Files (x86)\VEX Robotics\VEXcode V5 Text\sdk/vexv5\libv5rt.a(vex_motor.cpp.obj)
                0x03801f18                vex::motor::velocityToScaled(double, vex::velocityUnits)
 .text._ZN3vex5motor8velocityENS_13velocityUnitsE
                0x03801f74       0x30 C:\Program Files (x86)\VEX Robotics\VEXcode V5 Text\sdk/vexv5\libv5rt.a(vex_motor.cpp.obj)
                0x03801f74                vex::motor::velocity(vex::velocityUnits)
 .text._ZN3vex5motor5valueEv
                0x03801fa4       0x1c C:\Program Files (x86)\VEX Robotics\VEXcode V5 Text\sdk/vexv5\libv5rt.a(vex_motor.cpp.obj)
                0x03801fa4                vex::motor::value()
 .text._ZN3vex5motor16scaledToVelocityEdNS_13velocityUnitsE
                0x03801fc0       0xa4 C:\Program Files (x86)\VEX Robotics\VEXcode V5 Text\sdk/vexv5\libv5rt.a(vex_motor.cpp.obj)
                0x03801fc0                vex::motor::scaledToVelocity(double, vex::velocityUnits)
 .text._ZN3vex5motor4spinENS_13directionTypeEdNS_13velocityUnitsE
                0x03802064       0x5c C:\Program Files (x86)\VEX Robotics\VEXcode V5 Text\sdk/vexv5\libv5rt.a(vex_motor.cpp.obj)
                0x03802064                vex::motor::spin(vex::directionType, double, vex::velocityUnits)
 .text._ZN3vex10controllerD2Ev
                0x038020c0        0x4 C:\Program Files (x86)\VEX Robotics\VEXcode V5 Text\sdk/vexv5\libv5rt.a(vex_controller.cpp.obj)
                0x038020c0                vex::controller::~controller()
                0x038020c0                vex::controller::~controller()
 .text._ZN3vex10controller5valueE19_V5_ControllerIndex
                0x038020c4        0x8 C:\Program Files (x86)\VEX Robotics\VEXcode V5 Text\sdk/vexv5\libv5rt.a(vex_controller.cpp.obj)
                0x038020c4                vex::controller::value(_V5_ControllerIndex)
 .text._ZN3vex10controller6rumbleEPKc
                0x038020cc       0x4c C:\Program Files (x86)\VEX Robotics\VEXcode V5 Text\sdk/vexv5\libv5rt.a(vex_controller.cpp.obj)
                0x038020cc                vex::controller::rumble(char const*)
 .text._ZN3vex10controller6button8pressingEv
                0x03802118       0xc8 C:\Program Files (x86)\VEX Robotics\VEXcode V5 Text\sdk/vexv5\libv5rt.a(vex_controller.cpp.obj)
                0x03802118                vex::controller::button::pressing()
 .text._ZN3vex10controller6button21_buttonToPressedEventEv
                0x038021e0       0x20 C:\Program Files (x86)\VEX Robotics\VEXcode V5 Text\sdk/vexv5\libv5rt.a(vex_controller.cpp.obj)
                0x038021e0                vex::controller::button::_buttonToPressedEvent()
 .text._ZN3vex10controller6button22_buttonToReleasedEventEv
                0x03802200       0x20 C:\Program Files (x86)\VEX Robotics\VEXcode V5 Text\sdk/vexv5\libv5rt.a(vex_controller.cpp.obj)
                0x03802200                vex::controller::button::_buttonToReleasedEvent()
 .text._ZN3vex10controller6buttonC2ENS0_11tButtonTypeEPS0_
                0x03802220       0x48 C:\Program Files (x86)\VEX Robotics\VEXcode V5 Text\sdk/vexv5\libv5rt.a(vex_controller.cpp.obj)
                0x03802220                vex::controller::button::button(vex::controller::tButtonType, vex::controller*)
                0x03802220                vex::controller::button::button(vex::controller::tButtonType, vex::controller*)
 .text._ZN3vex10controller4axis5valueEv
                0x03802268       0x58 C:\Program Files (x86)\VEX Robotics\VEXcode V5 Text\sdk/vexv5\libv5rt.a(vex_controller.cpp.obj)
                0x03802268                vex::controller::axis::value()
 .text._ZN3vex10controller4axis8positionENS_12percentUnitsE
                0x038022c0       0x1c C:\Program Files (x86)\VEX Robotics\VEXcode V5 Text\sdk/vexv5\libv5rt.a(vex_controller.cpp.obj)
                0x038022c0                vex::controller::axis::position(vex::percentUnits)
 .text._ZN3vex10controller4axis23_joystickToChangedEventEv
                0x038022dc       0x20 C:\Program Files (x86)\VEX Robotics\VEXcode V5 Text\sdk/vexv5\libv5rt.a(vex_controller.cpp.obj)
                0x038022dc                vex::controller::axis::_joystickToChangedEvent()
 .text._ZN3vex10controller4axisC2ENS0_9tAxisTypeEPS0_
                0x038022fc       0x2c C:\Program Files (x86)\VEX Robotics\VEXcode V5 Text\sdk/vexv5\libv5rt.a(vex_controller.cpp.obj)
                0x038022fc                vex::controller::axis::axis(vex::controller::tAxisType, vex::controller*)
                0x038022fc                vex::controller::axis::axis(vex::controller::tAxisType, vex::controller*)
 .text._ZN3vex10controllerC2ENS_14controllerTypeE
                0x03802328      0x204 C:\Program Files (x86)\VEX Robotics\VEXcode V5 Text\sdk/vexv5\libv5rt.a(vex_controller.cpp.obj)
                0x03802328                vex::controller::controller(vex::controllerType)
                0x03802328                vex::controller::controller(vex::controllerType)
 .text._ZN3vex10controller3lcd15getControllerIdEv
                0x0380252c       0x10 C:\Program Files (x86)\VEX Robotics\VEXcode V5 Text\sdk/vexv5\libv5rt.a(vex_controller.cpp.obj)
                0x0380252c                vex::controller::lcd::getControllerId()
 .text._ZN3vex10controller3lcd5printEPKcz
                0x0380253c       0x74 C:\Program Files (x86)\VEX Robotics\VEXcode V5 Text\sdk/vexv5\libv5rt.a(vex_controller.cpp.obj)
                0x0380253c                vex::controller::lcd::print(char const*, ...)
 .text._ZN3vex10controller3lcd9clearLineEi
                0x038025b0       0x44 C:\Program Files (x86)\VEX Robotics\VEXcode V5 Text\sdk/vexv5\libv5rt.a(vex_controller.cpp.obj)
                0x038025b0                vex::controller::lcd::clearLine(int)
 .text._ZN3vex10controller3lcd11clearScreenEv
                0x038025f4       0x5c C:\Program Files (x86)\VEX Robotics\VEXcode V5 Text\sdk/vexv5\libv5rt.a(vex_controller.cpp.obj)
                0x038025f4                vex::controller::lcd::clearScreen()
 .text._ZN3vex10controller3lcd7newLineEv
                0x03802650       0x20 C:\Program Files (x86)\VEX Robotics\VEXcode V5 Text\sdk/vexv5\libv5rt.a(vex_controller.cpp.obj)
                0x03802650                vex::controller::lcd::newLine()
 .text._ZN3vex11this_thread9sleep_forEm
                0x03802670        0x4 C:\Program Files (x86)\VEX Robotics\VEXcode V5 Text\sdk/vexv5\libv5rt.a(vex_thread.cpp.obj)
                0x03802670                vex::this_thread::sleep_for(unsigned long)
 .text._ZN3vex5event4initEmmPFvvE
                0x03802674        0x4 C:\Program Files (x86)\VEX Robotics\VEXcode V5 Text\sdk/vexv5\libv5rt.a(vex_event.cpp.obj)
                0x03802674                vex::event::init(unsigned long, unsigned long, void (*)())
 .text._ZN3vex5event4initEmmPFvPvES1_
                0x03802678        0x4 C:\Program Files (x86)\VEX Robotics\VEXcode V5 Text\sdk/vexv5\libv5rt.a(vex_event.cpp.obj)
                0x03802678                vex::event::init(unsigned long, unsigned long, void (*)(void*), void*)
 .text._ZN3vex5event9userindexEv
                0x0380267c        0x4 C:\Program Files (x86)\VEX Robotics\VEXcode V5 Text\sdk/vexv5\libv5rt.a(vex_event.cpp.obj)
                0x0380267c                vex::event::userindex()
 .text._ZZN3vex6meventC4EmmENUlvE_4_FUNEv
                0x03802680        0x4 C:\Program Files (x86)\VEX Robotics\VEXcode V5 Text\sdk/vexv5\libv5rt.a(vex_mevent.cpp.obj)
 .text._ZN3vex6meventC2Emm
                0x03802684       0x70 C:\Program Files (x86)\VEX Robotics\VEXcode V5 Text\sdk/vexv5\libv5rt.a(vex_mevent.cpp.obj)
                0x03802684                vex::mevent::mevent(unsigned long, unsigned long)
                0x03802684                vex::mevent::mevent(unsigned long, unsigned long)
 .text._ZN3vex5brainD2Ev
                0x038026f4       0x20 C:\Program Files (x86)\VEX Robotics\VEXcode V5 Text\sdk/vexv5\libv5rt.a(vex_brain.cpp.obj)
                0x038026f4                vex::brain::~brain()
                0x038026f4                vex::brain::~brain()
 .text._ZN3vex5brain9_getIndexEv
                0x03802714       0x10 C:\Program Files (x86)\VEX Robotics\VEXcode V5 Text\sdk/vexv5\libv5rt.a(vex_brain.cpp.obj)
                0x03802714                vex::brain::_getIndex()
 .text._ZN3vex5brain3lcd9setCursorEll
                0x03802724       0x44 C:\Program Files (x86)\VEX Robotics\VEXcode V5 Text\sdk/vexv5\libv5rt.a(vex_brain.cpp.obj)
                0x03802724                vex::brain::lcd::setCursor(long, long)
 .text._ZN3vex5brain3lcd7setFontENS_8fontTypeE
                0x03802768      0x23c C:\Program Files (x86)\VEX Robotics\VEXcode V5 Text\sdk/vexv5\libv5rt.a(vex_brain.cpp.obj)
                0x03802768                vex::brain::lcd::setFont(vex::fontType)
 .text._ZN3vex5brain3lcdC2Ev
                0x038029a4       0x94 C:\Program Files (x86)\VEX Robotics\VEXcode V5 Text\sdk/vexv5\libv5rt.a(vex_brain.cpp.obj)
                0x038029a4                vex::brain::lcd::lcd()
                0x038029a4                vex::brain::lcd::lcd()
 .text._ZN3vex5brainC2Ev
                0x03802a38       0x38 C:\Program Files (x86)\VEX Robotics\VEXcode V5 Text\sdk/vexv5\libv5rt.a(vex_brain.cpp.obj)
                0x03802a38                vex::brain::brain()
                0x03802a38                vex::brain::brain()
 .text._ZN3vex5brain3lcd7printAtEllPKcz
                0x03802a70       0x6c C:\Program Files (x86)\VEX Robotics\VEXcode V5 Text\sdk/vexv5\libv5rt.a(vex_brain.cpp.obj)
                0x03802a70                vex::brain::lcd::printAt(long, long, char const*, ...)
 .text._ZN3vex5brain3lcd12_clearScreenEm
                0x03802adc       0x38 C:\Program Files (x86)\VEX Robotics\VEXcode V5 Text\sdk/vexv5\libv5rt.a(vex_brain.cpp.obj)
                0x03802adc                vex::brain::lcd::_clearScreen(unsigned long)
 .text._ZN3vex5brain3lcd11clearScreenERKNS_5colorE
                0x03802b14       0x20 C:\Program Files (x86)\VEX Robotics\VEXcode V5 Text\sdk/vexv5\libv5rt.a(vex_brain.cpp.obj)
                0x03802b14                vex::brain::lcd::clearScreen(vex::color const&)
 .text._ZN3vex5brain3lcd11clearScreenEv
                0x03802b34       0x2c C:\Program Files (x86)\VEX Robotics\VEXcode V5 Text\sdk/vexv5\libv5rt.a(vex_brain.cpp.obj)
                0x03802b34                vex::brain::lcd::clearScreen()
 .text._ZN3vex11competition8_disableEPv
                0x03802b60       0x9c C:\Program Files (x86)\VEX Robotics\VEXcode V5 Text\sdk/vexv5\libv5rt.a(vex_competition.cpp.obj)
                0x03802b60                vex::competition::_disable(void*)
 .text._ZN3vex11competition11_autonomousEv
                0x03802bfc       0x7c C:\Program Files (x86)\VEX Robotics\VEXcode V5 Text\sdk/vexv5\libv5rt.a(vex_competition.cpp.obj)
                0x03802bfc                vex::competition::_autonomous()
 .text._ZN3vex11competition14_drivercontrolEv
                0x03802c78       0x7c C:\Program Files (x86)\VEX Robotics\VEXcode V5 Text\sdk/vexv5\libv5rt.a(vex_competition.cpp.obj)
                0x03802c78                vex::competition::_drivercontrol()
 .text._ZN3vex11competitionC2Ev
                0x03802cf4      0x13c C:\Program Files (x86)\VEX Robotics\VEXcode V5 Text\sdk/vexv5\libv5rt.a(vex_competition.cpp.obj)
                0x03802cf4                vex::competition::competition()
                0x03802cf4                vex::competition::competition()
 .text._ZN3vex11competitionD2Ev
                0x03802e30        0x4 C:\Program Files (x86)\VEX Robotics\VEXcode V5 Text\sdk/vexv5\libv5rt.a(vex_competition.cpp.obj)
                0x03802e30                vex::competition::~competition()
                0x03802e30                vex::competition::~competition()
 .text._ZN3vex11competition10autonomousEPFvvE
                0x03802e34       0x44 C:\Program Files (x86)\VEX Robotics\VEXcode V5 Text\sdk/vexv5\libv5rt.a(vex_competition.cpp.obj)
                0x03802e34                vex::competition::autonomous(void (*)())
 .text._ZN3vex11competition13drivercontrolEPFvvE
                0x03802e78       0x44 C:\Program Files (x86)\VEX Robotics\VEXcode V5 Text\sdk/vexv5\libv5rt.a(vex_competition.cpp.obj)
                0x03802e78                vex::competition::drivercontrol(void (*)())
 .text._ZN3vex4gyro7headingENS_13rotationUnitsE
                0x03802ebc        0xc C:\Program Files (x86)\VEX Robotics\VEXcode V5 Text\sdk/vexv5\libv5rt.a(vex_triport.cpp.obj)
                0x03802ebc                vex::gyro::heading(vex::rotationUnits)
 .text._ZN3vex7triport9installedEv
                0x03802ec8       0x18 C:\Program Files (x86)\VEX Robotics\VEXcode V5 Text\sdk/vexv5\libv5rt.a(vex_triport.cpp.obj)
                0x03802ec8                vex::triport::installed()
 .text._ZN3vex7triportD2Ev
                0x03802ee0       0x38 C:\Program Files (x86)\VEX Robotics\VEXcode V5 Text\sdk/vexv5\libv5rt.a(vex_triport.cpp.obj)
                0x03802ee0                vex::triport::~triport()
                0x03802ee0                vex::triport::~triport()
 .text._ZN3vex7triport4portC2ElPS0_
                0x03802f18       0x74 C:\Program Files (x86)\VEX Robotics\VEXcode V5 Text\sdk/vexv5\libv5rt.a(vex_triport.cpp.obj)
                0x03802f18                vex::triport::port::port(long, vex::triport*)
                0x03802f18                vex::triport::port::port(long, vex::triport*)
 .text._ZN3vex7triportC2El
                0x03802f8c       0xf0 C:\Program Files (x86)\VEX Robotics\VEXcode V5 Text\sdk/vexv5\libv5rt.a(vex_triport.cpp.obj)
                0x03802f8c                vex::triport::triport(long)
                0x03802f8c                vex::triport::triport(long)
 .text._ZN3vex7triport4port4typeENS_11triportTypeE
                0x0380307c       0x30 C:\Program Files (x86)\VEX Robotics\VEXcode V5 Text\sdk/vexv5\libv5rt.a(vex_triport.cpp.obj)
                0x0380307c                vex::triport::port::type(vex::triportType)
 .text._ZN3vex7triport4port4typeEv
                0x038030ac       0x38 C:\Program Files (x86)\VEX Robotics\VEXcode V5 Text\sdk/vexv5\libv5rt.a(vex_triport.cpp.obj)
                0x038030ac                vex::triport::port::type()
 .text._ZN3vex7triport4port5valueEv
                0x038030e4       0x14 C:\Program Files (x86)\VEX Robotics\VEXcode V5 Text\sdk/vexv5\libv5rt.a(vex_triport.cpp.obj)
                0x038030e4                vex::triport::port::value()
 .text._ZN3vex7triport4port5valueEl
                0x038030f8       0x18 C:\Program Files (x86)\VEX Robotics\VEXcode V5 Text\sdk/vexv5\libv5rt.a(vex_triport.cpp.obj)
                0x038030f8                vex::triport::port::value(long)
 .text._ZN3vex7triport4port11setRotationEdNS_13rotationUnitsE
                0x03803110       0x50 C:\Program Files (x86)\VEX Robotics\VEXcode V5 Text\sdk/vexv5\libv5rt.a(vex_triport.cpp.obj)
                0x03803110                vex::triport::port::setRotation(double, vex::rotationUnits)
 .text._ZN3vex7triport4port13resetRotationEv
                0x03803160       0x20 C:\Program Files (x86)\VEX Robotics\VEXcode V5 Text\sdk/vexv5\libv5rt.a(vex_triport.cpp.obj)
                0x03803160                vex::triport::port::resetRotation()
 .text._ZN3vex7triport4port8rotationENS_13rotationUnitsE
                0x03803180       0x40 C:\Program Files (x86)\VEX Robotics\VEXcode V5 Text\sdk/vexv5\libv5rt.a(vex_triport.cpp.obj)
                0x03803180                vex::triport::port::rotation(vex::rotationUnits)
 .text._ZN3vex7triport4port14_convertAnalogENS_11analogUnitsE
                0x038031c0       0x58 C:\Program Files (x86)\VEX Robotics\VEXcode V5 Text\sdk/vexv5\libv5rt.a(vex_triport.cpp.obj)
                0x038031c0                vex::triport::port::_convertAnalog(vex::analogUnits)
 .text._ZN3vex7triport4port14_virtual_valueEl
                0x03803218       0x14 C:\Program Files (x86)\VEX Robotics\VEXcode V5 Text\sdk/vexv5\libv5rt.a(vex_triport.cpp.obj)
                0x03803218                vex::triport::port::_virtual_value(long)
 .text._ZN3vex11__trideviceC2ERNS_7triport4portENS_11triportTypeE
                0x0380322c       0x5c C:\Program Files (x86)\VEX Robotics\VEXcode V5 Text\sdk/vexv5\libv5rt.a(vex_triport.cpp.obj)
                0x0380322c                vex::__tridevice::__tridevice(vex::triport::port&, vex::triportType)
                0x0380322c                vex::__tridevice::__tridevice(vex::triport::port&, vex::triportType)
 .text._ZN3vex11__tridevice14_convertAnalogENS_11analogUnitsE
                0x03803288        0x8 C:\Program Files (x86)\VEX Robotics\VEXcode V5 Text\sdk/vexv5\libv5rt.a(vex_triport.cpp.obj)
                0x03803288                vex::__tridevice::_convertAnalog(vex::analogUnits)
 .text._ZN3vex4gyro13isCalibratingEv
                0x03803290       0x3c C:\Program Files (x86)\VEX Robotics\VEXcode V5 Text\sdk/vexv5\libv5rt.a(vex_triport.cpp.obj)
                0x03803290                vex::gyro::isCalibrating()
 .text._ZN3vex11__tridevice14_virtual_valueEl
                0x038032cc        0x8 C:\Program Files (x86)\VEX Robotics\VEXcode V5 Text\sdk/vexv5\libv5rt.a(vex_triport.cpp.obj)
                0x038032cc                vex::__tridevice::_virtual_value(long)
 *fill*         0x038032d4        0x4 
 .text._ZN3vex4gyro5angleENS_13rotationUnitsE
                0x038032d8       0x68 C:\Program Files (x86)\VEX Robotics\VEXcode V5 Text\sdk/vexv5\libv5rt.a(vex_triport.cpp.obj)
                0x038032d8                vex::gyro::angle(vex::rotationUnits)
 .text._ZN3vex4gyro8rotationENS_13rotationUnitsE
                0x03803340       0x58 C:\Program Files (x86)\VEX Robotics\VEXcode V5 Text\sdk/vexv5\libv5rt.a(vex_triport.cpp.obj)
                0x03803340                vex::gyro::rotation(vex::rotationUnits)
 .text._ZN3vex4gyro11setRotationEdNS_13rotationUnitsE
                0x03803398       0x60 C:\Program Files (x86)\VEX Robotics\VEXcode V5 Text\sdk/vexv5\libv5rt.a(vex_triport.cpp.obj)
                0x03803398                vex::gyro::setRotation(double, vex::rotationUnits)
 .text._ZN3vex5limitC2ERNS_7triport4portE
                0x038033f8       0x28 C:\Program Files (x86)\VEX Robotics\VEXcode V5 Text\sdk/vexv5\libv5rt.a(vex_triport.cpp.obj)
                0x038033f8                vex::limit::limit(vex::triport::port&)
                0x038033f8                vex::limit::limit(vex::triport::port&)
 .text._ZN3vex5limitD2Ev
                0x03803420        0x4 C:\Program Files (x86)\VEX Robotics\VEXcode V5 Text\sdk/vexv5\libv5rt.a(vex_triport.cpp.obj)
                0x03803420                vex::limit::~limit()
                0x03803420                vex::limit::~limit()
 .text._ZN3vex5limit5valueEv
                0x03803424        0x8 C:\Program Files (x86)\VEX Robotics\VEXcode V5 Text\sdk/vexv5\libv5rt.a(vex_triport.cpp.obj)
                0x03803424                vex::limit::value()
 .text._ZN3vex3potC2ERNS_7triport4portE
                0x0380342c       0x20 C:\Program Files (x86)\VEX Robotics\VEXcode V5 Text\sdk/vexv5\libv5rt.a(vex_triport.cpp.obj)
                0x0380342c                vex::pot::pot(vex::triport::port&)
                0x0380342c                vex::pot::pot(vex::triport::port&)
 .text._ZN3vex3potD2Ev
                0x0380344c        0x4 C:\Program Files (x86)\VEX Robotics\VEXcode V5 Text\sdk/vexv5\libv5rt.a(vex_triport.cpp.obj)
                0x0380344c                vex::pot::~pot()
                0x0380344c                vex::pot::~pot()
 .text._ZN3vex3pot5valueENS_13rotationUnitsE
                0x03803450       0x60 C:\Program Files (x86)\VEX Robotics\VEXcode V5 Text\sdk/vexv5\libv5rt.a(vex_triport.cpp.obj)
                0x03803450                vex::pot::value(vex::rotationUnits)
 .text._ZN3vex4gyroC2ERNS_7triport4portE
                0x038034b0       0x48 C:\Program Files (x86)\VEX Robotics\VEXcode V5 Text\sdk/vexv5\libv5rt.a(vex_triport.cpp.obj)
                0x038034b0                vex::gyro::gyro(vex::triport::port&)
                0x038034b0                vex::gyro::gyro(vex::triport::port&)
 .text._ZN3vex4gyroD2Ev
                0x038034f8        0x4 C:\Program Files (x86)\VEX Robotics\VEXcode V5 Text\sdk/vexv5\libv5rt.a(vex_triport.cpp.obj)
                0x038034f8                vex::gyro::~gyro()
                0x038034f8                vex::gyro::~gyro()
 *fill*         0x038034fc        0x4 
 .text._ZN3vex4gyro5valueENS_13rotationUnitsE
                0x03803500       0x58 C:\Program Files (x86)\VEX Robotics\VEXcode V5 Text\sdk/vexv5\libv5rt.a(vex_triport.cpp.obj)
                0x03803500                vex::gyro::value(vex::rotationUnits)
 .text._ZN3vex4gyro10resetAngleEdNS_13rotationUnitsE
                0x03803558       0x60 C:\Program Files (x86)\VEX Robotics\VEXcode V5 Text\sdk/vexv5\libv5rt.a(vex_triport.cpp.obj)
                0x03803558                vex::gyro::resetAngle(double, vex::rotationUnits)
 .text._ZN3vex4gyro10setHeadingEdNS_13rotationUnitsE
                0x038035b8        0x4 C:\Program Files (x86)\VEX Robotics\VEXcode V5 Text\sdk/vexv5\libv5rt.a(vex_triport.cpp.obj)
                0x038035b8                vex::gyro::setHeading(double, vex::rotationUnits)
 .text._ZN3vex4gyro16startCalibrationEl
                0x038035bc       0x20 C:\Program Files (x86)\VEX Robotics\VEXcode V5 Text\sdk/vexv5\libv5rt.a(vex_triport.cpp.obj)
                0x038035bc                vex::gyro::startCalibration(long)
 .text._ZN3vex4gyro9calibrateEl
                0x038035dc        0x4 C:\Program Files (x86)\VEX Robotics\VEXcode V5 Text\sdk/vexv5\libv5rt.a(vex_triport.cpp.obj)
                0x038035dc                vex::gyro::calibrate(long)
 .text._ZN3vex7encoderC2ERNS_7triport4portE
                0x038035e0       0x20 C:\Program Files (x86)\VEX Robotics\VEXcode V5 Text\sdk/vexv5\libv5rt.a(vex_triport.cpp.obj)
                0x038035e0                vex::encoder::encoder(vex::triport::port&)
                0x038035e0                vex::encoder::encoder(vex::triport::port&)
 .text._ZN3vex7encoderD2Ev
                0x03803600        0x4 C:\Program Files (x86)\VEX Robotics\VEXcode V5 Text\sdk/vexv5\libv5rt.a(vex_triport.cpp.obj)
                0x03803600                vex::encoder::~encoder()
                0x03803600                vex::encoder::~encoder()
 .text._ZN3vex7encoder13resetRotationEv
                0x03803604        0x8 C:\Program Files (x86)\VEX Robotics\VEXcode V5 Text\sdk/vexv5\libv5rt.a(vex_triport.cpp.obj)
                0x03803604                vex::encoder::resetRotation()
 .text._ZN3vex7encoder8positionENS_13rotationUnitsE
                0x0380360c        0x8 C:\Program Files (x86)\VEX Robotics\VEXcode V5 Text\sdk/vexv5\libv5rt.a(vex_triport.cpp.obj)
                0x0380360c                vex::encoder::position(vex::rotationUnits)
 .text.startup._GLOBAL__sub_I__ZN3vex7triportC2El
                0x03803614       0x30 C:\Program Files (x86)\VEX Robotics\VEXcode V5 Text\sdk/vexv5\libv5rt.a(vex_triport.cpp.obj)
 .text._ZN3vex5colorD2Ev
                0x03803644        0x4 C:\Program Files (x86)\VEX Robotics\VEXcode V5 Text\sdk/vexv5\libv5rt.a(vex_color.cpp.obj)
                0x03803644                vex::color::~color()
                0x03803644                vex::color::~color()
 .text._ZNK3vex5colorcvmEv
                0x03803648        0x8 C:\Program Files (x86)\VEX Robotics\VEXcode V5 Text\sdk/vexv5\libv5rt.a(vex_color.cpp.obj)
                0x03803648                vex::color::operator unsigned long() const
 .text.startup._GLOBAL__sub_I__ZN3vex5color5blackE
                0x03803650      0x164 C:\Program Files (x86)\VEX Robotics\VEXcode V5 Text\sdk/vexv5\libv5rt.a(vex_color.cpp.obj)
 .text._ZN3vex5timerD2Ev
                0x038037b4        0x4 C:\Program Files (x86)\VEX Robotics\VEXcode V5 Text\sdk/vexv5\libv5rt.a(vex_timer.cpp.obj)
                0x038037b4                vex::timer::~timer()
                0x038037b4                vex::timer::~timer()
 .text._ZN3vex5timer5clearEv
                0x038037b8       0x1c C:\Program Files (x86)\VEX Robotics\VEXcode V5 Text\sdk/vexv5\libv5rt.a(vex_timer.cpp.obj)
                0x038037b8                vex::timer::clear()
 .text._ZN3vex5timerC2Ev
                0x038037d4       0x14 C:\Program Files (x86)\VEX Robotics\VEXcode V5 Text\sdk/vexv5\libv5rt.a(vex_timer.cpp.obj)
                0x038037d4                vex::timer::timer()
                0x038037d4                vex::timer::timer()
 .text.vexAdiPortConfigSet
                0x038037e8       0x28 C:\Program Files (x86)\VEX Robotics\VEXcode V5 Text\sdk/vexv5\libv5rt.a(v5_apiuser.c.obj)
                0x038037e8                vexAdiPortConfigSet
 .text.vexAdiPortConfigGet
                0x03803810       0x28 C:\Program Files (x86)\VEX Robotics\VEXcode V5 Text\sdk/vexv5\libv5rt.a(v5_apiuser.c.obj)
                0x03803810                vexAdiPortConfigGet
 .text.vexAdiValueSet
                0x03803838       0x28 C:\Program Files (x86)\VEX Robotics\VEXcode V5 Text\sdk/vexv5\libv5rt.a(v5_apiuser.c.obj)
                0x03803838                vexAdiValueSet
 .text.vexAdiValueGet
                0x03803860       0x20 C:\Program Files (x86)\VEX Robotics\VEXcode V5 Text\sdk/vexv5\libv5rt.a(v5_apiuser.c.obj)
                0x03803860                vexAdiValueGet
 .text.vexMotorVelocitySet
                0x03803880       0x20 C:\Program Files (x86)\VEX Robotics\VEXcode V5 Text\sdk/vexv5\libv5rt.a(v5_apiuser.c.obj)
                0x03803880                vexMotorVelocitySet
 .text.vexMotorActualVelocityGet
                0x038038a0       0x24 C:\Program Files (x86)\VEX Robotics\VEXcode V5 Text\sdk/vexv5\libv5rt.a(v5_apiuser.c.obj)
                0x038038a0                vexMotorActualVelocityGet
 .text.vexMotorCurrentLimitSet
                0x038038c4       0x20 C:\Program Files (x86)\VEX Robotics\VEXcode V5 Text\sdk/vexv5\libv5rt.a(v5_apiuser.c.obj)
                0x038038c4                vexMotorCurrentLimitSet
 .text.vexMotorReverseFlagSet
                0x038038e4       0x20 C:\Program Files (x86)\VEX Robotics\VEXcode V5 Text\sdk/vexv5\libv5rt.a(v5_apiuser.c.obj)
                0x038038e4                vexMotorReverseFlagSet
 .text.vexMotorBrakeModeSet
                0x03803904       0x20 C:\Program Files (x86)\VEX Robotics\VEXcode V5 Text\sdk/vexv5\libv5rt.a(v5_apiuser.c.obj)
                0x03803904                vexMotorBrakeModeSet
 .text.vexMotorPositionSet
                0x03803924       0x28 C:\Program Files (x86)\VEX Robotics\VEXcode V5 Text\sdk/vexv5\libv5rt.a(v5_apiuser.c.obj)
                0x03803924                vexMotorPositionSet
 .text.vexMotorGearingSet
                0x0380394c       0x20 C:\Program Files (x86)\VEX Robotics\VEXcode V5 Text\sdk/vexv5\libv5rt.a(v5_apiuser.c.obj)
                0x0380394c                vexMotorGearingSet
 .text.vexMotorGearingGet
                0x0380396c       0x18 C:\Program Files (x86)\VEX Robotics\VEXcode V5 Text\sdk/vexv5\libv5rt.a(v5_apiuser.c.obj)
                0x0380396c                vexMotorGearingGet
 .text.vexEventMaskSet
                0x03803984       0x28 C:\Program Files (x86)\VEX Robotics\VEXcode V5 Text\sdk/vexv5\libv5rt.a(v5_apiuser.c.obj)
                0x03803984                vexEventMaskSet
 .text.vexEventMaskGet
                0x038039ac       0x18 C:\Program Files (x86)\VEX Robotics\VEXcode V5 Text\sdk/vexv5\libv5rt.a(v5_apiuser.c.obj)
                0x038039ac                vexEventMaskGet
 .text._ZN3vex6device5valueEv
                0x038039c4        0x8 C:\Program Files (x86)\VEX Robotics\VEXcode V5 Text\sdk/vexv5\libv5rt.a(vex_device.cpp.obj)
                0x038039c4                vex::device::value()
 .text._ZN3vex6deviceD2Ev
                0x038039cc        0x4 C:\Program Files (x86)\VEX Robotics\VEXcode V5 Text\sdk/vexv5\libv5rt.a(vex_device.cpp.obj)
                0x038039cc                vex::device::~device()
                0x038039cc                vex::device::~device()
 .text._ZN3vex6device4initEl
                0x038039d0       0x30 C:\Program Files (x86)\VEX Robotics\VEXcode V5 Text\sdk/vexv5\libv5rt.a(vex_device.cpp.obj)
                0x038039d0                vex::device::init(long)
 .text._ZN3vex6deviceC2El
                0x03803a00       0x20 C:\Program Files (x86)\VEX Robotics\VEXcode V5 Text\sdk/vexv5\libv5rt.a(vex_device.cpp.obj)
                0x03803a00                vex::device::device(long)
                0x03803a00                vex::device::device(long)
 .text._ZN3vex6device4typeEv
                0x03803a20       0x10 C:\Program Files (x86)\VEX Robotics\VEXcode V5 Text\sdk/vexv5\libv5rt.a(vex_device.cpp.obj)
                0x03803a20                vex::device::type()
 .text._ZN3vex6device9installedEv
                0x03803a30       0x14 C:\Program Files (x86)\VEX Robotics\VEXcode V5 Text\sdk/vexv5\libv5rt.a(vex_device.cpp.obj)
                0x03803a30                vex::device::installed()
 .text._ZN3vex4taskC2EPFivE
                0x03803a44       0x54 C:\Program Files (x86)\VEX Robotics\VEXcode V5 Text\sdk/vexv5\libv5rt.a(vex_task.cpp.obj)
                0x03803a44                vex::task::task(int (*)())
                0x03803a44                vex::task::task(int (*)())
 .text._ZN3vex4taskD2Ev
                0x03803a98        0x4 C:\Program Files (x86)\VEX Robotics\VEXcode V5 Text\sdk/vexv5\libv5rt.a(vex_task.cpp.obj)
                0x03803a98                vex::task::~task()
                0x03803a98                vex::task::~task()
 .text._ZN3vex4task4stopEPFivE
                0x03803a9c        0xc C:\Program Files (x86)\VEX Robotics\VEXcode V5 Text\sdk/vexv5\libv5rt.a(vex_task.cpp.obj)
                0x03803a9c                vex::task::stop(int (*)())
 .text._ZN3vex4task6_indexEPFivE
                0x03803aa8       0x14 C:\Program Files (x86)\VEX Robotics\VEXcode V5 Text\sdk/vexv5\libv5rt.a(vex_task.cpp.obj)
                0x03803aa8                vex::task::_index(int (*)())
 .text._ZN3vex4task8_stopAllEv
                0x03803abc       0x3c C:\Program Files (x86)\VEX Robotics\VEXcode V5 Text\sdk/vexv5\libv5rt.a(vex_task.cpp.obj)
                0x03803abc                vex::task::_stopAll()
 .text.__libc_fini_array
                0x03803af8       0x30 C:\Program Files (x86)\VEX Robotics\VEXcode V5 Text\sdk/vexv5/gcc/libs\libc.a(lib_a-fini.o)
                0x03803af8                __libc_fini_array
 .text.__libc_init_array
                0x03803b28       0x58 C:\Program Files (x86)\VEX Robotics\VEXcode V5 Text\sdk/vexv5/gcc/libs\libc.a(lib_a-init.o)
                0x03803b28                __libc_init_array
 .text.__libc_init_array.__stub
                0x03803b80       0x18 linker stubs
 *(.gnu.linkonce.t.*)
 *(.plt)
 *(.gnu_warning)
 *(.gcc_except_table)
 *(.glue_7)
 .glue_7        0x00000000        0x0 linker stubs
 *(.glue_7t)
 .glue_7t       0x00000000        0x0 linker stubs
 *(.vfp11_veneer)
 .vfp11_veneer  0x00000000        0x0 linker stubs
 *(.ARM.extab)
 *(.gnu.linkonce.armextab.*)

.v4_bx          0x03803b98        0x0
 .v4_bx         0x00000000        0x0 linker stubs

.iplt           0x03803b98        0x0
 .iplt          0x00000000        0x0 build/src/main.o

.init
 *(.init)

.fini
 *(.fini)

.rodata         0x03803b98      0x1d0
                0x03803b98                __rodata_start = .
 *(.rodata)
 *(.rodata.*)
 .rodata.str1.1
                0x03803b98       0x6a build/src/main.o
                                 0x7b (size before relaxing)
 .rodata.str1.1
                0x03803c02       0x2e C:\Program Files (x86)\VEX Robotics\VEXcode V5 Text\sdk/vexv5\libv5rt.a(v5_startup.c.obj)
 .rodata._ZN3vex6PORT14E
                0x03803c30        0x4 C:\Program Files (x86)\VEX Robotics\VEXcode V5 Text\sdk/vexv5\libv5rt.a(vex_global.cpp.obj)
                0x03803c30                vex::PORT14
 .rodata._ZN3vex3secE
                0x03803c34        0x4 C:\Program Files (x86)\VEX Robotics\VEXcode V5 Text\sdk/vexv5\libv5rt.a(vex_global.cpp.obj)
                0x03803c34                vex::sec
 .rodata._ZN3vex4msecE
                0x03803c38        0x4 C:\Program Files (x86)\VEX Robotics\VEXcode V5 Text\sdk/vexv5\libv5rt.a(vex_global.cpp.obj)
                0x03803c38                vex::msec
 .rodata._ZN3vex9ratio36_1E
                0x03803c3c        0x4 C:\Program Files (x86)\VEX Robotics\VEXcode V5 Text\sdk/vexv5\libv5rt.a(vex_global.cpp.obj)
                0x03803c3c                vex::ratio36_1
 .rodata._ZN3vex5PORT9E
                0x03803c40        0x4 C:\Program Files (x86)\VEX Robotics\VEXcode V5 Text\sdk/vexv5\libv5rt.a(vex_global.cpp.obj)
                0x03803c40                vex::PORT9
 .rodata._ZN3vex5PORT6E
                0x03803c44        0x4 C:\Program Files (x86)\VEX Robotics\VEXcode V5 Text\sdk/vexv5\libv5rt.a(vex_global.cpp.obj)
                0x03803c44                vex::PORT6
 .rodata._ZN3vex7primaryE
                0x03803c48        0x4 C:\Program Files (x86)\VEX Robotics\VEXcode V5 Text\sdk/vexv5\libv5rt.a(vex_global.cpp.obj)
                0x03803c48                vex::primary
 .rodata._ZN3vex7degreesE
                0x03803c4c        0x4 C:\Program Files (x86)\VEX Robotics\VEXcode V5 Text\sdk/vexv5\libv5rt.a(vex_global.cpp.obj)
                0x03803c4c                vex::degrees
 .rodata._ZN3vex6PORT22E
                0x03803c50        0x4 C:\Program Files (x86)\VEX Robotics\VEXcode V5 Text\sdk/vexv5\libv5rt.a(vex_global.cpp.obj)
                0x03803c50                vex::PORT22
 .rodata._ZN3vex4holdE
                0x03803c54        0x4 C:\Program Files (x86)\VEX Robotics\VEXcode V5 Text\sdk/vexv5\libv5rt.a(vex_global.cpp.obj)
                0x03803c54                vex::hold
 .rodata._ZN3vex6PORT12E
                0x03803c58        0x4 C:\Program Files (x86)\VEX Robotics\VEXcode V5 Text\sdk/vexv5\libv5rt.a(vex_global.cpp.obj)
                0x03803c58                vex::PORT12
 .rodata._ZN3vex5PORT7E
                0x03803c5c        0x4 C:\Program Files (x86)\VEX Robotics\VEXcode V5 Text\sdk/vexv5\libv5rt.a(vex_global.cpp.obj)
                0x03803c5c                vex::PORT7
 .rodata._ZN3vex5coastE
                0x03803c60        0x4 C:\Program Files (x86)\VEX Robotics\VEXcode V5 Text\sdk/vexv5\libv5rt.a(vex_global.cpp.obj)
                0x03803c60                vex::coast
 .rodata._ZN3vex6PORT13E
                0x03803c64        0x4 C:\Program Files (x86)\VEX Robotics\VEXcode V5 Text\sdk/vexv5\libv5rt.a(vex_global.cpp.obj)
                0x03803c64                vex::PORT13
 .rodata._ZN3vex5PORT8E
                0x03803c68        0x4 C:\Program Files (x86)\VEX Robotics\VEXcode V5 Text\sdk/vexv5\libv5rt.a(vex_global.cpp.obj)
                0x03803c68                vex::PORT8
 .rodata._ZN3vex9ratio18_1E
                0x03803c6c        0x4 C:\Program Files (x86)\VEX Robotics\VEXcode V5 Text\sdk/vexv5\libv5rt.a(vex_global.cpp.obj)
                0x03803c6c                vex::ratio18_1
 .rodata._ZN3vex6mono40E
                0x03803c70        0x4 C:\Program Files (x86)\VEX Robotics\VEXcode V5 Text\sdk/vexv5\libv5rt.a(vex_global.cpp.obj)
                0x03803c70                vex::mono40
 *fill*         0x03803c74        0x4 
 .rodata._ZTVN3vex5motorE
                0x03803c78       0x10 C:\Program Files (x86)\VEX Robotics\VEXcode V5 Text\sdk/vexv5\libv5rt.a(vex_motor.cpp.obj)
                0x03803c78                vtable for vex::motor
 .rodata.str1.1
                0x03803c88       0x15 C:\Program Files (x86)\VEX Robotics\VEXcode V5 Text\sdk/vexv5\libv5rt.a(vex_controller.cpp.obj)
                                 0x16 (size before relaxing)
 .rodata.CSWTCH.15
                0x03803c9d        0xb C:\Program Files (x86)\VEX Robotics\VEXcode V5 Text\sdk/vexv5\libv5rt.a(vex_controller.cpp.obj)
 .rodata.CSWTCH.17
                0x03803ca8        0xb C:\Program Files (x86)\VEX Robotics\VEXcode V5 Text\sdk/vexv5\libv5rt.a(vex_controller.cpp.obj)
 .rodata.CSWTCH.23
                0x03803cb3        0x3 C:\Program Files (x86)\VEX Robotics\VEXcode V5 Text\sdk/vexv5\libv5rt.a(vex_controller.cpp.obj)
 .rodata.str1.1
                0x03803cb6       0x2b C:\Program Files (x86)\VEX Robotics\VEXcode V5 Text\sdk/vexv5\libv5rt.a(vex_brain.cpp.obj)
 *fill*         0x03803ce1        0x7 
 .rodata._ZTVN3vex7triportE
                0x03803ce8       0x10 C:\Program Files (x86)\VEX Robotics\VEXcode V5 Text\sdk/vexv5\libv5rt.a(vex_triport.cpp.obj)
                0x03803ce8                vtable for vex::triport
 .rodata._ZTVN3vex4gyroE
                0x03803cf8       0x24 C:\Program Files (x86)\VEX Robotics\VEXcode V5 Text\sdk/vexv5\libv5rt.a(vex_triport.cpp.obj)
                0x03803cf8                vtable for vex::gyro
 .rodata.CSWTCH.34
                0x03803d1c       0x10 C:\Program Files (x86)\VEX Robotics\VEXcode V5 Text\sdk/vexv5\libv5rt.a(vex_triport.cpp.obj)
 .rodata.CSWTCH.29
                0x03803d2c        0xe C:\Program Files (x86)\VEX Robotics\VEXcode V5 Text\sdk/vexv5\libv5rt.a(vex_triport.cpp.obj)
 *fill*         0x03803d3a        0x6 
 .rodata._ZTVN3vex6deviceE
                0x03803d40       0x10 C:\Program Files (x86)\VEX Robotics\VEXcode V5 Text\sdk/vexv5\libv5rt.a(vex_device.cpp.obj)
                0x03803d40                vtable for vex::device
 .rodata.str1.1
                0x03803d50       0x14 C:\Program Files (x86)\VEX Robotics\VEXcode V5 Text\sdk/vexv5\libv5rt.a(vex_task.cpp.obj)
 .rodata.str1.4
                0x03803d64        0x4 C:\Program Files (x86)\VEX Robotics\VEXcode V5 Text\sdk/vexv5/gcc/libs\libc.a(lib_a-impure.o)
                                  0x2 (size before relaxing)
 *(.gnu.linkonce.r.*)
                0x03803d68                __rodata_end = .

.rodata1        0x03803d68        0x0
                0x03803d68                __rodata1_start = .
 *(.rodata1)
 *(.rodata1.*)
                0x03803d68                __rodata1_end = .

.sdata2         0x03803d68        0x0
                0x03803d68                __sdata2_start = .
 *(.sdata2)
 *(.sdata2.*)
 *(.gnu.linkonce.s2.*)
                0x03803d68                __sdata2_end = .

.sbss2          0x03803d68        0x0
                0x03803d68                __sbss2_start = .
 *(.sbss2)
 *(.sbss2.*)
 *(.gnu.linkonce.sb2.*)
                0x03803d68                __sbss2_end = .

.data           0x03803d68      0x43c
                0x03803d68                __data_start = .
 *(.data)
 *(.data.*)
 .data.appRunning
                0x03803d68        0x4 C:\Program Files (x86)\VEX Robotics\VEXcode V5 Text\sdk/vexv5\libv5rt.a(v5_startup.c.obj)
                0x03803d68                appRunning
 .data.__yoff   0x03803d6c        0x4 C:\Program Files (x86)\VEX Robotics\VEXcode V5 Text\sdk/vexv5\libv5rt.a(v5_apijump.c.obj)
 .data._ZN3vex24__default_motor_velocityE
                0x03803d70        0x4 C:\Program Files (x86)\VEX Robotics\VEXcode V5 Text\sdk/vexv5\libv5rt.a(vex_motor.cpp.obj)
                0x03803d70                vex::__default_motor_velocity
 *fill*         0x03803d74        0x4 
 .data.impure_data
                0x03803d78      0x428 C:\Program Files (x86)\VEX Robotics\VEXcode V5 Text\sdk/vexv5/gcc/libs\libc.a(lib_a-impure.o)
 .data._impure_ptr
                0x038041a0        0x4 C:\Program Files (x86)\VEX Robotics\VEXcode V5 Text\sdk/vexv5/gcc/libs\libc.a(lib_a-impure.o)
                0x038041a0                _impure_ptr
 *(.gnu.linkonce.d.*)
 *(.jcr)
 *(.got)
 *(.got.plt)
                0x038041a4                __data_end = .

.igot.plt       0x038041a4        0x0
 .igot.plt      0x00000000        0x0 build/src/main.o

.data1          0x038041a4        0x0
                0x038041a4                __data1_start = .
 *(.data1)
 *(.data1.*)
                0x038041a4                __data1_end = .

.got
 *(.got)

.ctors          0x038041a4        0x0
                0x038041a4                __CTOR_LIST__ = .
                0x038041a4                ___CTORS_LIST___ = .
 *crtbegin.o(.ctors)
 *(EXCLUDE_FILE(*crtend.o) .ctors)
 *(SORT(.ctors.*))
 *(.ctors)
                0x038041a4                __CTOR_END__ = .
                0x038041a4                ___CTORS_END___ = .

.dtors          0x038041a4        0x0
                0x038041a4                __DTOR_LIST__ = .
                0x038041a4                ___DTORS_LIST___ = .
 *crtbegin.o(.dtors)
 *(EXCLUDE_FILE(*crtend.o) .dtors)
 *(SORT(.dtors.*))
 *(.dtors)
                0x038041a4                __DTOR_END__ = .
                0x038041a4                ___DTORS_END___ = .

.fixup          0x038041a4        0x0
                0x038041a4                __fixup_start = .
 *(.fixup)
                0x038041a4                __fixup_end = .

.eh_frame
 *(.eh_frame)

.eh_framehdr    0x038041a4        0x0
                0x038041a4                __eh_framehdr_start = .
 *(.eh_framehdr)
                0x038041a4                __eh_framehdr_end = .

.gcc_except_table
 *(.gcc_except_table)

.mmu_tbl        0x03808000        0x0
                0x03808000                __mmu_tbl_start = .
 *(.mmu_tbl)
                0x03808000                __mmu_tbl_end = .

.ARM.exidx      0x038041a4        0x8
                0x038041a4                __exidx_start = .
 *(.ARM.exidx*)
 .ARM.exidx.text._Z3Pgodd
                0x038041a4        0x8 build/src/main.o
 .ARM.exidx.text._Z7Startupv
                0x038041ac        0x0 build/src/main.o
                                  0x8 (size before relaxing)
 .ARM.exidx.text._Z8motorsetv
                0x038041ac        0x0 build/src/main.o
                                  0x8 (size before relaxing)
 .ARM.exidx.text._Z2goi
                0x038041ac        0x0 build/src/main.o
                                  0x8 (size before relaxing)
 .ARM.exidx.text._Z4haltv
                0x038041ac        0x0 build/src/main.o
                                  0x8 (size before relaxing)
 .ARM.exidx.text._Z10DriveTrainb
                0x038041ac        0x0 build/src/main.o
                                  0x8 (size before relaxing)
 .ARM.exidx.text._Z9NorthTurni
                0x038041ac        0x0 build/src/main.o
                                  0x8 (size before relaxing)
 .ARM.exidx.text._Z6Ncheckv
                0x038041ac        0x0 build/src/main.o
                                  0x8 (size before relaxing)
 .ARM.exidx.text._Z8Lcontrolv
                0x038041ac        0x0 build/src/main.o
                                  0x8 (size before relaxing)
 .ARM.exidx.text._Z5Gcodev
                0x038041ac        0x0 build/src/main.o
                                  0x8 (size before relaxing)
 .ARM.exidx.text._Z11ClawControlv
                0x038041ac        0x0 build/src/main.o
                                  0x8 (size before relaxing)
 .ARM.exidx.text._Z10autonomousv
                0x038041ac        0x0 build/src/main.o
                                  0x8 (size before relaxing)
 .ARM.exidx.text._Z11usercontrolv
                0x038041ac        0x0 build/src/main.o
                                  0x8 (size before relaxing)
 .ARM.exidx.text.main
                0x038041ac        0x0 build/src/main.o
                                  0x8 (size before relaxing)
 .ARM.exidx.text._GLOBAL__sub_I_main.cpp
                0x038041ac        0x0 build/src/main.o
                                  0x8 (size before relaxing)
 .ARM.exidx.text._Z11vexcodeInitv
                0x038041ac        0x0 build/src/robot-config.o
                                  0x8 (size before relaxing)
 .ARM.exidx.text._GLOBAL__sub_I_robot_config.cpp
                0x038041ac        0x0 build/src/robot-config.o
                                  0x8 (size before relaxing)
 *(.gnu.linkonce.armexidix.*.*)
                0x038041ac                __exidx_end = .

.rel.dyn        0x038041ac        0x0
 .rel.iplt      0x00000000        0x0 build/src/main.o

.preinit_array  0x038041ac        0x0
                0x038041ac                __preinit_array_start = .
 *(SORT(.preinit_array.*))
 *(.preinit_array)
                0x038041ac                __preinit_array_end = .

.init_array     0x038041ac       0x10
                0x038041ac                __init_array_start = .
 *(SORT(.init_array.*))
 *(.init_array)
 .init_array    0x038041ac        0x4 build/src/main.o
 .init_array    0x038041b0        0x4 build/src/robot-config.o
 .init_array    0x038041b4        0x4 C:\Program Files (x86)\VEX Robotics\VEXcode V5 Text\sdk/vexv5\libv5rt.a(vex_triport.cpp.obj)
 .init_array    0x038041b8        0x4 C:\Program Files (x86)\VEX Robotics\VEXcode V5 Text\sdk/vexv5\libv5rt.a(vex_color.cpp.obj)
                0x038041bc                __init_array_end = .

.fini_array     0x038041bc        0x0
                0x038041bc                __fini_array_start = .
 *(SORT(.fini_array.*))
 *(.fini_array)
                0x038041bc                __fini_array_end = .

.ARM.attributes
                0x038041bc       0x3c
                0x038041bc                __ARM.attributes_start = .
 *(.ARM.attributes)
 .ARM.attributes
                0x038041bc       0x3a build/src/main.o
 .ARM.attributes
                0x038041f6       0x3a build/src/robot-config.o
 .ARM.attributes
                0x03804230       0x35 C:\Program Files (x86)\VEX Robotics\VEXcode V5 Text\sdk/vexv5\libv5rt.a(v5_startup.c.obj)
 .ARM.attributes
                0x03804265       0x35 C:\Program Files (x86)\VEX Robotics\VEXcode V5 Text\sdk/vexv5\libv5rt.a(v5_util.c.obj)
 .ARM.attributes
                0x0380429a       0x35 C:\Program Files (x86)\VEX Robotics\VEXcode V5 Text\sdk/vexv5\libv5rt.a(v5_apijump.c.obj)
 .ARM.attributes
                0x038042cf       0x35 C:\Program Files (x86)\VEX Robotics\VEXcode V5 Text\sdk/vexv5\libv5rt.a(v5_apiversions.c.obj)
 .ARM.attributes
                0x03804304       0x35 C:\Program Files (x86)\VEX Robotics\VEXcode V5 Text\sdk/vexv5\libv5rt.a(vex_global.cpp.obj)
 .ARM.attributes
                0x03804339       0x35 C:\Program Files (x86)\VEX Robotics\VEXcode V5 Text\sdk/vexv5\libv5rt.a(vex_motor.cpp.obj)
 .ARM.attributes
                0x0380436e       0x35 C:\Program Files (x86)\VEX Robotics\VEXcode V5 Text\sdk/vexv5\libv5rt.a(vex_controller.cpp.obj)
 .ARM.attributes
                0x038043a3       0x35 C:\Program Files (x86)\VEX Robotics\VEXcode V5 Text\sdk/vexv5\libv5rt.a(vex_thread.cpp.obj)
 .ARM.attributes
                0x038043d8       0x35 C:\Program Files (x86)\VEX Robotics\VEXcode V5 Text\sdk/vexv5\libv5rt.a(vex_event.cpp.obj)
 .ARM.attributes
                0x0380440d       0x35 C:\Program Files (x86)\VEX Robotics\VEXcode V5 Text\sdk/vexv5\libv5rt.a(vex_mevent.cpp.obj)
 .ARM.attributes
                0x03804442       0x35 C:\Program Files (x86)\VEX Robotics\VEXcode V5 Text\sdk/vexv5\libv5rt.a(vex_brain.cpp.obj)
 .ARM.attributes
                0x03804477       0x35 C:\Program Files (x86)\VEX Robotics\VEXcode V5 Text\sdk/vexv5\libv5rt.a(vex_competition.cpp.obj)
 .ARM.attributes
                0x038044ac       0x35 C:\Program Files (x86)\VEX Robotics\VEXcode V5 Text\sdk/vexv5\libv5rt.a(vex_triport.cpp.obj)
 .ARM.attributes
                0x038044e1       0x35 C:\Program Files (x86)\VEX Robotics\VEXcode V5 Text\sdk/vexv5\libv5rt.a(vex_color.cpp.obj)
 .ARM.attributes
                0x03804516       0x35 C:\Program Files (x86)\VEX Robotics\VEXcode V5 Text\sdk/vexv5\libv5rt.a(vex_timer.cpp.obj)
 .ARM.attributes
                0x0380454b       0x35 C:\Program Files (x86)\VEX Robotics\VEXcode V5 Text\sdk/vexv5\libv5rt.a(v5_apiuser.c.obj)
 .ARM.attributes
                0x03804580       0x35 C:\Program Files (x86)\VEX Robotics\VEXcode V5 Text\sdk/vexv5\libv5rt.a(vex_device.cpp.obj)
 .ARM.attributes
                0x038045b5       0x35 C:\Program Files (x86)\VEX Robotics\VEXcode V5 Text\sdk/vexv5\libv5rt.a(vex_task.cpp.obj)
 .ARM.attributes
                0x038045ea       0x2b C:\Program Files (x86)\VEX Robotics\VEXcode V5 Text\sdk/vexv5/gcc/libs\libc.a(lib_a-fini.o)
 .ARM.attributes
                0x03804615       0x2b C:\Program Files (x86)\VEX Robotics\VEXcode V5 Text\sdk/vexv5/gcc/libs\libc.a(lib_a-impure.o)
 .ARM.attributes
                0x03804640       0x2b C:\Program Files (x86)\VEX Robotics\VEXcode V5 Text\sdk/vexv5/gcc/libs\libc.a(lib_a-init.o)
                0x0380466b                __ARM.attributes_end = .

.sdata          0x038041bc        0x0
                0x038041bc                __sdata_start = .
 *(.sdata)
 *(.sdata.*)
 *(.gnu.linkonce.s.*)
                0x038041bc                __sdata_end = .

.sbss           0x038041bc        0x0
                0x038041bc                __sbss_start = .
 *(.sbss)
 *(.sbss.*)
 *(.gnu.linkonce.sb.*)
                0x038041bc                __sbss_end = .

.tdata          0x038041bc        0x0
                0x038041bc                __tdata_start = .
 *(.tdata)
 *(.tdata.*)
 *(.gnu.linkonce.td.*)
                0x038041bc                __tdata_end = .

.tbss           0x038041bc        0x0
                0x038041bc                __tbss_start = .
 *(.tbss)
 *(.tbss.*)
 *(.gnu.linkonce.tb.*)
                0x038041bc                __tbss_end = .

.bss            0x038041bc      0x704
                0x038041bc                __bss_start = .
 *(.bss)
 *(.bss.*)
 .bss._ZStL8__ioinit
                0x038041bc        0x1 build/src/main.o
 *fill*         0x038041bd        0x3 
 .bss.FLI       0x038041c0        0x4 build/src/main.o
                0x038041c0                FLI
 .bss.BLI       0x038041c4        0x4 build/src/main.o
                0x038041c4                BLI
 .bss.FRI       0x038041c8        0x4 build/src/main.o
                0x038041c8                FRI
 .bss.BRI       0x038041cc        0x4 build/src/main.o
                0x038041cc                BRI
 .bss.Goff      0x038041d0        0x4 build/src/main.o
                0x038041d0                Goff
 .bss.Competition
                0x038041d4       0x28 build/src/main.o
                0x038041d4                Competition
 .bss._ZStL8__ioinit
                0x038041fc        0x1 build/src/robot-config.o
 *fill*         0x038041fd        0x3 
 .bss.Brain     0x03804200      0x2bc build/src/robot-config.o
                0x03804200                Brain
 .bss.BLimitSwitch
                0x038044bc       0x20 build/src/robot-config.o
                0x038044bc                BLimitSwitch
 .bss.TLimitSwitch
                0x038044dc       0x20 build/src/robot-config.o
                0x038044dc                TLimitSwitch
 .bss.Gyro      0x038044fc       0x2c build/src/robot-config.o
                0x038044fc                Gyro
 .bss.FL        0x03804528       0x24 build/src/robot-config.o
                0x03804528                FL
 .bss.BL        0x0380454c       0x24 build/src/robot-config.o
                0x0380454c                BL
 .bss.BR        0x03804570       0x24 build/src/robot-config.o
                0x03804570                BR
 .bss.FR        0x03804594       0x24 build/src/robot-config.o
                0x03804594                FR
 .bss.Rlift     0x038045b8       0x24 build/src/robot-config.o
                0x038045b8                Rlift
 .bss.Llift     0x038045dc       0x24 build/src/robot-config.o
                0x038045dc                Llift
 .bss.Controller1
                0x03804600      0x1e0 build/src/robot-config.o
                0x03804600                Controller1
 .bss.Clawmotor
                0x038047e0       0x24 build/src/robot-config.o
                0x038047e0                Clawmotor
 .bss.Pot       0x03804804       0x1c build/src/robot-config.o
                0x03804804                Pot
 .bss.Xencode   0x03804820       0x1c build/src/robot-config.o
                0x03804820                Xencode
 .bss.__dso_handle
                0x0380483c        0x4 C:\Program Files (x86)\VEX Robotics\VEXcode V5 Text\sdk/vexv5\libv5rt.a(v5_startup.c.obj)
                0x0380483c                __dso_handle
 .bss.lastTime.8647
                0x03804840        0x4 C:\Program Files (x86)\VEX Robotics\VEXcode V5 Text\sdk/vexv5\libv5rt.a(v5_apijump.c.obj)
 .bss._ZN3vex11competition22bStopTasksBetweenModesE
                0x03804844        0x1 C:\Program Files (x86)\VEX Robotics\VEXcode V5 Text\sdk/vexv5\libv5rt.a(vex_competition.cpp.obj)
                0x03804844                vex::competition::bStopTasksBetweenModes
 .bss._ZN3vex11competition25bStopAllTasksBetweenModesE
                0x03804845        0x1 C:\Program Files (x86)\VEX Robotics\VEXcode V5 Text\sdk/vexv5\libv5rt.a(vex_competition.cpp.obj)
                0x03804845                vex::competition::bStopAllTasksBetweenModes
 .bss._ZN3vex11competition14_auton_pendingE
                0x03804846        0x1 C:\Program Files (x86)\VEX Robotics\VEXcode V5 Text\sdk/vexv5\libv5rt.a(vex_competition.cpp.obj)
                0x03804846                vex::competition::_auton_pending
 *fill*         0x03804847        0x1 
 .bss._ZN3vex11competition20_autonomous_callbackE
                0x03804848        0x4 C:\Program Files (x86)\VEX Robotics\VEXcode V5 Text\sdk/vexv5\libv5rt.a(vex_competition.cpp.obj)
                0x03804848                vex::competition::_autonomous_callback
 .bss._ZN3vex11competition23_drivercontrol_callbackE
                0x0380484c        0x4 C:\Program Files (x86)\VEX Robotics\VEXcode V5 Text\sdk/vexv5\libv5rt.a(vex_competition.cpp.obj)
                0x0380484c                vex::competition::_drivercontrol_callback
 .bss._ZN3vex11competition15_driver_pendingE
                0x03804850        0x1 C:\Program Files (x86)\VEX Robotics\VEXcode V5 Text\sdk/vexv5\libv5rt.a(vex_competition.cpp.obj)
                0x03804850                vex::competition::_driver_pending
 .bss._ZStL8__ioinit
                0x03804851        0x1 C:\Program Files (x86)\VEX Robotics\VEXcode V5 Text\sdk/vexv5\libv5rt.a(vex_triport.cpp.obj)
 *fill*         0x03804852        0x2 
 .bss._ZN3vex5color6orangeE
                0x03804854        0x8 C:\Program Files (x86)\VEX Robotics\VEXcode V5 Text\sdk/vexv5\libv5rt.a(vex_color.cpp.obj)
                0x03804854                vex::color::orange
 .bss._ZN3vex5color5blackE
                0x0380485c        0x8 C:\Program Files (x86)\VEX Robotics\VEXcode V5 Text\sdk/vexv5\libv5rt.a(vex_color.cpp.obj)
                0x0380485c                vex::color::black
 .bss._ZN3vex5color6yellowE
                0x03804864        0x8 C:\Program Files (x86)\VEX Robotics\VEXcode V5 Text\sdk/vexv5\libv5rt.a(vex_color.cpp.obj)
                0x03804864                vex::color::yellow
 .bss._ZN3vex5color5greenE
                0x0380486c        0x8 C:\Program Files (x86)\VEX Robotics\VEXcode V5 Text\sdk/vexv5\libv5rt.a(vex_color.cpp.obj)
                0x0380486c                vex::color::green
 .bss._ZN3vex5color6purpleE
                0x03804874        0x8 C:\Program Files (x86)\VEX Robotics\VEXcode V5 Text\sdk/vexv5\libv5rt.a(vex_color.cpp.obj)
                0x03804874                vex::color::purple
 .bss._ZN3vex5color4cyanE
                0x0380487c        0x8 C:\Program Files (x86)\VEX Robotics\VEXcode V5 Text\sdk/vexv5\libv5rt.a(vex_color.cpp.obj)
                0x0380487c                vex::color::cyan
 .bss._ZN3vex5color4blueE
                0x03804884        0x8 C:\Program Files (x86)\VEX Robotics\VEXcode V5 Text\sdk/vexv5\libv5rt.a(vex_color.cpp.obj)
                0x03804884                vex::color::blue
 .bss._ZN3vex5color3redE
                0x0380488c        0x8 C:\Program Files (x86)\VEX Robotics\VEXcode V5 Text\sdk/vexv5\libv5rt.a(vex_color.cpp.obj)
                0x0380488c                vex::color::red
 .bss._ZN3vex5color11transparentE
                0x03804894        0x8 C:\Program Files (x86)\VEX Robotics\VEXcode V5 Text\sdk/vexv5\libv5rt.a(vex_color.cpp.obj)
                0x03804894                vex::color::transparent
 .bss._ZN3vex5color5whiteE
                0x0380489c        0x8 C:\Program Files (x86)\VEX Robotics\VEXcode V5 Text\sdk/vexv5\libv5rt.a(vex_color.cpp.obj)
                0x0380489c                vex::color::white
 .bss._ZN3vex4task8_labelIdE
                0x038048a4        0x4 C:\Program Files (x86)\VEX Robotics\VEXcode V5 Text\sdk/vexv5\libv5rt.a(vex_task.cpp.obj)
                0x038048a4                vex::task::_labelId
 *(.gnu.linkonce.b.*)
 *(COMMON)
 COMMON         0x038048a8       0x18 C:\Program Files (x86)\VEX Robotics\VEXcode V5 Text\sdk/vexv5\libv5rt.a(v5_startup.c.obj)
                0x038048ac                __vex_critical_section
                0x038048c0                __bss_end = .
                0x038041bc                _SDA_BASE_ = (__sdata_start + ((__sbss_end - __sdata_start) / 0x2))
                0x03803d68                _SDA2_BASE_ = (__sdata2_start + ((__sbss2_end - __sdata2_start) / 0x2))

.heap           0x038048c0   0x100000
                0x038048c0                . = ALIGN (0x10)
 *fill*         0x038048c0        0x0 
                0x038048c0                _heap = .
                0x038048c0                HeapBase = .
                0x038048c0                _heap_start = .
                0x039048c0                . = (. + _HEAP_SIZE)
 *fill*         0x038048c0   0x100000 
                0x039048c0                _heap_end = .
                0x039048c0                HeapLimit = .

.stack          0x039048c0     0x3800
                0x039048c0                . = ALIGN (0x10)
                0x039048c0                _stack_end = .
                0x039068c0                . = (. + _STACK_SIZE)
 *fill*         0x039048c0     0x2000 
                0x039068c0                . = ALIGN (0x10)
                0x039068c0                _stack = .
                0x039068c0                __stack = _stack
                0x039068c0                . = ALIGN (0x10)
                0x039068c0                _irq_stack_end = .
                0x03906cc0                . = (. + _IRQ_STACK_SIZE)
 *fill*         0x039068c0      0x400 
                0x03906cc0                . = ALIGN (0x10)
                0x03906cc0                __irq_stack = .
                0x03906cc0                _supervisor_stack_end = .
                0x039074c0                . = (. + _SUPERVISOR_STACK_SIZE)
 *fill*         0x03906cc0      0x800 
                0x039074c0                . = ALIGN (0x10)
                0x039074c0                __supervisor_stack = .
                0x039074c0                _abort_stack_end = .
                0x039078c0                . = (. + _ABORT_STACK_SIZE)
 *fill*         0x039074c0      0x400 
                0x039078c0                . = ALIGN (0x10)
                0x039078c0                __abort_stack = .
                0x039078c0                _fiq_stack_end = .
                0x03907cc0                . = (. + _FIQ_STACK_SIZE)
 *fill*         0x039078c0      0x400 
                0x03907cc0                . = ALIGN (0x10)
                0x03907cc0                __fiq_stack = .
                0x03907cc0                _undef_stack_end = .
                0x039080c0                . = (. + _UNDEF_STACK_SIZE)
 *fill*         0x03907cc0      0x400 
                0x039080c0                . = ALIGN (0x10)
                0x039080c0                __undef_stack = .
                0x039080c0                _end = .
LOAD C:\Program Files (x86)\VEX Robotics\VEXcode V5 Text\sdk/vexv5/stdlib_0.lib
LOAD build/src/main.o
LOAD build/src/robot-config.o
START GROUP
LOAD C:\Program Files (x86)\VEX Robotics\VEXcode V5 Text\sdk/vexv5\libv5rt.a
LOAD C:\Program Files (x86)\VEX Robotics\VEXcode V5 Text\sdk/vexv5/gcc/libs\libstdc++.a
LOAD C:\Program Files (x86)\VEX Robotics\VEXcode V5 Text\sdk/vexv5/gcc/libs\libc.a
LOAD C:\Program Files (x86)\VEX Robotics\VEXcode V5 Text\sdk/vexv5/gcc/libs\libm.a
LOAD C:\Program Files (x86)\VEX Robotics\VEXcode V5 Text\sdk/vexv5/gcc/libs\libgcc.a
END GROUP
OUTPUT(build/Sensortests.elf elf32-littlearm)

.comment        0x00000000       0x9d
 .comment       0x00000000       0x2d build/src/main.o
                                 0x2e (size before relaxing)
 .comment       0x00000000       0x2e build/src/robot-config.o
 .comment       0x0000002d       0x70 C:\Program Files (x86)\VEX Robotics\VEXcode V5 Text\sdk/vexv5\libv5rt.a(v5_startup.c.obj)
                                 0x71 (size before relaxing)
 .comment       0x00000000       0x71 C:\Program Files (x86)\VEX Robotics\VEXcode V5 Text\sdk/vexv5\libv5rt.a(v5_util.c.obj)
 .comment       0x00000000       0x71 C:\Program Files (x86)\VEX Robotics\VEXcode V5 Text\sdk/vexv5\libv5rt.a(v5_apijump.c.obj)
 .comment       0x00000000       0x71 C:\Program Files (x86)\VEX Robotics\VEXcode V5 Text\sdk/vexv5\libv5rt.a(v5_apiversions.c.obj)
 .comment       0x00000000       0x71 C:\Program Files (x86)\VEX Robotics\VEXcode V5 Text\sdk/vexv5\libv5rt.a(vex_global.cpp.obj)
 .comment       0x00000000       0x71 C:\Program Files (x86)\VEX Robotics\VEXcode V5 Text\sdk/vexv5\libv5rt.a(vex_motor.cpp.obj)
 .comment       0x00000000       0x71 C:\Program Files (x86)\VEX Robotics\VEXcode V5 Text\sdk/vexv5\libv5rt.a(vex_controller.cpp.obj)
 .comment       0x00000000       0x71 C:\Program Files (x86)\VEX Robotics\VEXcode V5 Text\sdk/vexv5\libv5rt.a(vex_thread.cpp.obj)
 .comment       0x00000000       0x71 C:\Program Files (x86)\VEX Robotics\VEXcode V5 Text\sdk/vexv5\libv5rt.a(vex_event.cpp.obj)
 .comment       0x00000000       0x71 C:\Program Files (x86)\VEX Robotics\VEXcode V5 Text\sdk/vexv5\libv5rt.a(vex_mevent.cpp.obj)
 .comment       0x00000000       0x71 C:\Program Files (x86)\VEX Robotics\VEXcode V5 Text\sdk/vexv5\libv5rt.a(vex_brain.cpp.obj)
 .comment       0x00000000       0x71 C:\Program Files (x86)\VEX Robotics\VEXcode V5 Text\sdk/vexv5\libv5rt.a(vex_competition.cpp.obj)
 .comment       0x00000000       0x71 C:\Program Files (x86)\VEX Robotics\VEXcode V5 Text\sdk/vexv5\libv5rt.a(vex_triport.cpp.obj)
 .comment       0x00000000       0x71 C:\Program Files (x86)\VEX Robotics\VEXcode V5 Text\sdk/vexv5\libv5rt.a(vex_color.cpp.obj)
 .comment       0x00000000       0x71 C:\Program Files (x86)\VEX Robotics\VEXcode V5 Text\sdk/vexv5\libv5rt.a(vex_timer.cpp.obj)
 .comment       0x00000000       0x71 C:\Program Files (x86)\VEX Robotics\VEXcode V5 Text\sdk/vexv5\libv5rt.a(v5_apiuser.c.obj)
 .comment       0x00000000       0x71 C:\Program Files (x86)\VEX Robotics\VEXcode V5 Text\sdk/vexv5\libv5rt.a(vex_device.cpp.obj)
 .comment       0x00000000       0x71 C:\Program Files (x86)\VEX Robotics\VEXcode V5 Text\sdk/vexv5\libv5rt.a(vex_task.cpp.obj)

.note.GNU-stack
                0x00000000        0x0
 .note.GNU-stack
                0x00000000        0x0 build/src/main.o
 .note.GNU-stack
                0x00000000        0x0 build/src/robot-config.o

.debug_frame    0x00000000       0x60
 .debug_frame   0x00000000       0x34 C:\Program Files (x86)\VEX Robotics\VEXcode V5 Text\sdk/vexv5/gcc/libs\libc.a(lib_a-fini.o)
 .debug_frame   0x00000034       0x2c C:\Program Files (x86)\VEX Robotics\VEXcode V5 Text\sdk/vexv5/gcc/libs\libc.a(lib_a-init.o)
